Set parameter SIM_SPEEDUP to 1.000000
Home: 29.999867 119.999659 alt=12.000000m hdg=0.000000
Starting sketch 'ArduCopter'
Starting SITL input
Using Irlock at port : 19109
bind port 19100 for 0
Serial port 0 on TCP port 19100
Loaded defaults from defaults.parm
Smoothing reset at 0.001
bind port 19102 for 2
Serial port 2 on TCP port 19102
bind port 19103 for 3
Serial port 3 on TCP port 19103
validate_structures:411: Validating structures
Ignored unknown param MAG_ENABLE in defaults file defaults.parm
Ignored unknown param CH7_OPT in defaults file defaults.parm
Loaded defaults from defaults.parm
Unable to fetch Log File Size: No such file or directory
New connection on serial port 0
Closed connection on serial port 0
