[   0.01s] swarm: run_failed {'error': 'FileNotFoundError: SITL executable or parameter template is missing'}
Result: failed; usable: False; mission_success: None; data: C:\Users\shy\AppData\Local\Temp\tmpkwzymjsc\single_smoke_20261002T151700Z_c76b52f1
[   0.01s] swarm: run_failed {'error': 'FileNotFoundError: SITL executable or parameter template is missing'}
Result: failed; usable: False; mission_success: None; data: C:\Users\shy\AppData\Local\Temp\tmpkwzymjsc\single_smoke_20261002T151700Z_e883bbf9
======================================================================
ERROR: test_H03_hashed_artifact_and_gate_claims_are_checked (test_wp_h.HoldSemanticsTests.test_H03_hashed_artifact_and_gate_claims_are_checked)
----------------------------------------------------------------------
Traceback (most recent call last):
  File "F:\CASIA\Drone Swarm Situational Awareness Algorithm\Simulation\Multi-UAV SimpleGC\tests\test_wp_h.py", line 173, in test_H03_hashed_artifact_and_gate_claims_are_checked
    load_episode(analysis)
  File "F:\CASIA\Drone Swarm Situational Awareness Algorithm\Simulation\Multi-UAV SimpleGC\swarm_sim\episode_loader.py", line 36, in load_episode
    validate_artifact_protocol(manifest, root)
  File "F:\CASIA\Drone Swarm Situational Awareness Algorithm\Simulation\Multi-UAV SimpleGC\swarm_sim\protocol.py", line 71, in validate_artifact_protocol
    return _validate_v3_artifacts(manifest, Path(root), protocol)
           ^^^^^^^^^^^^^^^^^^^^^^^^^^^^^^^^^^^^^^^^^^^^^^^^^^^^^^
  File "F:\CASIA\Drone Swarm Situational Awareness Algorithm\Simulation\Multi-UAV SimpleGC\swarm_sim\protocol.py", line 113, in _validate_v3_artifacts
    raise ValueError("v3 TaskSpec semantic protocol mismatch")
ValueError: v3 TaskSpec semantic protocol mismatch

======================================================================
FAIL: test_g03_same_scene_two_intents_have_same_family_split_and_shared_variables (test_generation_v2.GeneratorV2Tests.test_g03_same_scene_two_intents_have_same_family_split_and_shared_variables)
----------------------------------------------------------------------
Traceback (most recent call last):
  File "F:\CASIA\Drone Swarm Situational Awareness Algorithm\Simulation\Multi-UAV SimpleGC\tests\test_generation_v2.py", line 149, in test_g03_same_scene_two_intents_have_same_family_split_and_shared_variables
    self.assertEqual(registered_intents(), ("reconnaissance",))
AssertionError: Tuples differ: ('patrol', 'reconnaissance') != ('reconnaissance',)

First differing element 0:
'patrol'
'reconnaissance'

First tuple contains 1 additional elements.
First extra element 1:
'reconnaissance'

- ('patrol', 'reconnaissance')
?  ----------

+ ('reconnaissance',)
?                  +


======================================================================
FAIL: test_g08_two_test_intents_share_dataset_and_family_split (test_protocol_v3.ProtocolV3Tests.test_g08_two_test_intents_share_dataset_and_family_split)
----------------------------------------------------------------------
Traceback (most recent call last):
  File "F:\CASIA\Drone Swarm Situational Awareness Algorithm\Simulation\Multi-UAV SimpleGC\tests\test_protocol_v3.py", line 41, in test_g08_two_test_intents_share_dataset_and_family_split
    self.assertEqual(registered_intents(),("reconnaissance",))
AssertionError: Tuples differ: ('patrol', 'reconnaissance') != ('reconnaissance',)

First differing element 0:
'patrol'
'reconnaissance'

First tuple contains 1 additional elements.
First extra element 1:
'reconnaissance'

- ('patrol', 'reconnaissance')
?  ----------

+ ('reconnaissance',)
?                  +


======================================================================
FAIL: test_G06_production_registry_and_exception_cleanup (test_task_v3.TaskV3Tests.test_G06_production_registry_and_exception_cleanup)
----------------------------------------------------------------------
Traceback (most recent call last):
  File "F:\CASIA\Drone Swarm Situational Awareness Algorithm\Simulation\Multi-UAV SimpleGC\tests\test_task_v3.py", line 179, in test_G06_production_registry_and_exception_cleanup
    self.assertEqual(registered_intents(), ("reconnaissance",))
AssertionError: Tuples differ: ('patrol', 'reconnaissance') != ('reconnaissance',)

First differing element 0:
'patrol'
'reconnaissance'

First tuple contains 1 additional elements.
First extra element 1:
'reconnaissance'

- ('patrol', 'reconnaissance')
?  ----------

+ ('reconnaissance',)
?                  +


----------------------------------------------------------------------
Ran 468 tests in 27.436s

FAILED (failures=3, errors=1)
R02_NUMBERING_AUDIT=[{"baseline": 0.5, "confidence_level": 0.9916666666666667, "interval": [0.4211101413609759, 0.5641822633461442], "matches": 164, "metric": "one", "observed": 0.4924924924924925, "samples": 333, "vehicle_count": 2}, {"baseline": 0.5, "confidence_level": 0.9916666666666667, "interval": [0.4211101413609759, 0.5641822633461442], "matches": 164, "metric": "permutation", "observed": 0.4924924924924925, "samples": 333, "vehicle_count": 2}, {"baseline": 0.3333333333333333, "confidence_level": 0.9916666666666667, "interval": [0.2635838801408737, 0.3946415154282577], "matches": 114, "metric": "one", "observed": 0.32571428571428573, "samples": 350, "vehicle_count": 3}, {"baseline": 0.16666666666666666, "confidence_level": 0.9916666666666667, "interval": [0.11500963595256017, 0.21824974228885982], "matches": 56, "metric": "permutation", "observed": 0.16, "samples": 350, "vehicle_count": 3}, {"baseline": 0.25, "confidence_level": 0.9916666666666667, "interval": [0.23669996101932778, 0.3712768181330818], "matches": 95, "metric": "one", "observed": 0.2996845425867508, "samples": 317, "vehicle_count": 4}, {"baseline": 0.041666666666666664, "confidence_level": 0.9916666666666667, "interval": [0.024438718250602766, 0.08965053857413358], "matches": 15, "metric": "permutation", "observed": 0.0473186119873817, "samples": 317, "vehicle_count": 4}]
R03_SAMPLING_AUDIT={"category_counts": {"(2, 'east', 'cluster')": 39, "(2, 'east', 'line')": 46, "(2, 'north', 'cluster')": 45, "(2, 'north', 'line')": 38, "(2, 'south', 'cluster')": 51, "(2, 'south', 'line')": 45, "(2, 'west', 'cluster')": 33, "(2, 'west', 'line')": 36, "(3, 'east', 'cluster')": 42, "(3, 'east', 'line')": 37, "(3, 'north', 'cluster')": 50, "(3, 'north', 'line')": 42, "(3, 'south', 'cluster')": 55, "(3, 'south', 'line')": 44, "(3, 'west', 'cluster')": 29, "(3, 'west', 'line')": 51, "(4, 'east', 'cluster')": 38, "(4, 'east', 'line')": 36, "(4, 'north', 'cluster')": 39, "(4, 'north', 'line')": 36, "(4, 'south', 'cluster')": 41, "(4, 'south', 'line')": 44, "(4, 'west', 'cluster')": 42, "(4, 'west', 'line')": 41}, "minimum_initial_separation_m": 8.002639085340013, "samples": 1000}
ERROR conda.cli.main_run:execute(142): `conda run python -m unittest discover -s tests -q` failed. (See above for error)
