Set parameter SIM_SPEEDUP to 1.000000
Home: 30.000013 120.000035 alt=12.000000m hdg=0.000000
Starting sketch 'ArduCopter'
Starting SITL input
Using Irlock at port : 19119
bind port 19110 for 0
Serial port 0 on TCP port 19110
Loaded defaults from defaults.parm
Smoothing reset at 0.001
bind port 19112 for 2
Serial port 2 on TCP port 19112
bind port 19113 for 3
Serial port 3 on TCP port 19113
validate_structures:411: Validating structures
Ignored unknown param MAG_ENABLE in defaults file defaults.parm
Ignored unknown param CH7_OPT in defaults file defaults.parm
Loaded defaults from defaults.parm
Unable to fetch Log File Size: No such file or directory
New connection on serial port 0
Closed connection on serial port 0
