[   1.63s] uav_02: connected {'sysid': 2}
[   1.63s] uav_01: connected {'sysid': 1}
[   1.64s] uav_03: connected {'sysid': 3}
[   1.65s] uav_01: firmware_version_request_tx {'request_type': 'COMMAND_LONG', 'purpose': 'autopilot_version', 'target_sysid': 1, 'target_component': 1, 'missing_index': None, 'correlation_id': '5cea7315b05e47669f5dafc6f7cd9ad0:0', 'send_before_monotonic_s': 57103.7687745, 'send_after_monotonic_s': 57103.769003, 'success': True, 'error': None}
[   1.65s] uav_03: firmware_version_request_tx {'request_type': 'COMMAND_LONG', 'purpose': 'autopilot_version', 'target_sysid': 3, 'target_component': 1, 'missing_index': None, 'correlation_id': '5377232c9e1b4819a3b94a602775fd88:0', 'send_before_monotonic_s': 57103.768964, 'send_after_monotonic_s': 57103.7690407, 'success': True, 'error': None}
[   1.65s] uav_02: firmware_version_request_tx {'request_type': 'COMMAND_LONG', 'purpose': 'autopilot_version', 'target_sysid': 2, 'target_component': 1, 'missing_index': None, 'correlation_id': '0949997cf4b3400dabc1a4a584867650:0', 'send_before_monotonic_s': 57103.7688831, 'send_after_monotonic_s': 57103.7690632, 'success': True, 'error': None}
[  11.65s] uav_02: parameter_request_tx {'request_type': 'PARAM_REQUEST_LIST', 'purpose': 'first', 'target_sysid': 2, 'target_component': 1, 'missing_index': None, 'correlation_id': '0949997cf4b3400dabc1a4a584867650:1', 'send_before_monotonic_s': 57113.7760139, 'send_after_monotonic_s': 57113.776089, 'success': True, 'error': None}
[  11.65s] uav_03: parameter_request_tx {'request_type': 'PARAM_REQUEST_LIST', 'purpose': 'first', 'target_sysid': 3, 'target_component': 1, 'missing_index': None, 'correlation_id': '5377232c9e1b4819a3b94a602775fd88:1', 'send_before_monotonic_s': 57113.7755292, 'send_after_monotonic_s': 57113.7761328, 'success': True, 'error': None}
[  11.65s] uav_01: parameter_request_tx {'request_type': 'PARAM_REQUEST_LIST', 'purpose': 'first', 'target_sysid': 1, 'target_component': 1, 'missing_index': None, 'correlation_id': '5cea7315b05e47669f5dafc6f7cd9ad0:1', 'send_before_monotonic_s': 57113.7758865, 'send_after_monotonic_s': 57113.7761592, 'success': True, 'error': None}
[  12.21s] uav_02: parameter_readback_complete {'read_id': '0949997cf4b3400dabc1a4a584867650', 'parameter_count': 1202, 'wpnav_count': 7}
[  12.21s] uav_03: parameter_readback_complete {'read_id': '5377232c9e1b4819a3b94a602775fd88', 'parameter_count': 1202, 'wpnav_count': 7}
[  12.22s] uav_01: parameter_readback_complete {'read_id': '5cea7315b05e47669f5dafc6f7cd9ad0', 'parameter_count': 1202, 'wpnav_count': 7}
[  12.24s] swarm: preflight_verified {'version': 'v3_preflight_provenance_v1', 'parameter_comparison_version': 'wp_s_parameter_comparison_v2'}
[  42.88s] uav_01: armed_confirmed {'source_boot_s': 40.067, 'source_sample_age_s': 0.0135052000041469}
[  42.88s] uav_02: armed_confirmed {'source_boot_s': 40.067, 'source_sample_age_s': 0.013102199998684227}
[  42.88s] uav_01: takeoff_command_sent {'source_boot_s': 40.067, 'source_sample_age_s': 0.013714000000618398}
[  42.88s] uav_02: takeoff_command_sent {'source_boot_s': 40.067, 'source_sample_age_s': 0.013317699995241128}
[  43.05s] uav_03: armed_confirmed {'source_boot_s': 39.966, 'source_sample_age_s': 0.10687509999843314}
[  43.05s] uav_03: takeoff_command_sent {'source_boot_s': 39.966, 'source_sample_age_s': 0.10704439999972237}
[  51.19s] uav_01: airborne_ready 
[  51.19s] uav_02: airborne_ready 
[  51.29s] uav_03: airborne_ready 
[  51.29s] swarm: phase_budget {'phase': 'p00_approach', 'nominal_duration_s': 20.64424351078002, 'multiplier': 3.0, 'allowance_s': 30.0, 'scenario_remaining_s': 1148.7062387000042, 'phase_timeout_override_s': None, 'effective_timeout_s': 91.93273053234006, 'scope': 'upload through terminal geometric confirmation; no automatic phase retry'}
[  51.29s] uav_01: phase_upload_started {'phase': 'p00_approach', 'mission_item_count': 3}
[  51.29s] uav_02: phase_upload_started {'phase': 'p00_approach', 'mission_item_count': 3}
[  51.29s] uav_03: phase_upload_started {'phase': 'p00_approach', 'mission_item_count': 3}
[  52.14s] uav_01: phase_upload_complete {'phase': 'p00_approach', 'duration_s': 0.8501526000036392}
[  52.16s] uav_02: phase_upload_complete {'phase': 'p00_approach', 'duration_s': 0.8656659999978729}
[  52.22s] uav_03: phase_upload_complete {'phase': 'p00_approach', 'duration_s': 0.9271834999963176}
[  52.23s] swarm: phase_release_scheduled {'phase': 'p00_approach', 'release_t': 52.52145240000391}
[  52.53s] uav_03: phase_start_sent {'phase': 'p00_approach'}
[  52.53s] uav_01: phase_start_sent {'phase': 'p00_approach'}
[  52.53s] uav_02: phase_start_sent {'phase': 'p00_approach'}
[  52.53s] uav_03: phase_auto_confirmed {'phase': 'p00_approach'}
[  52.53s] uav_03: waypoint_reached {'phase': 'p00_approach', 'seq': 1, 'route_index': None, 'planner_index': None, 'terminal': False, 'recv_monotonic_s': 57154.6584423, 'time_source': 'single_rx_host_receive'}
[  52.54s] uav_01: phase_auto_confirmed {'phase': 'p00_approach'}
[  52.54s] uav_02: phase_auto_confirmed {'phase': 'p00_approach'}
[  52.54s] uav_01: waypoint_reached {'phase': 'p00_approach', 'seq': 1, 'route_index': None, 'planner_index': None, 'terminal': False, 'recv_monotonic_s': 57154.6646792, 'time_source': 'single_rx_host_receive'}
[  52.54s] uav_02: waypoint_reached {'phase': 'p00_approach', 'seq': 1, 'route_index': None, 'planner_index': None, 'terminal': False, 'recv_monotonic_s': 57154.6654777, 'time_source': 'single_rx_host_receive'}
[  75.21s] uav_03: waypoint_reached {'phase': 'p00_approach', 'seq': 2, 'route_index': 0, 'planner_index': 0, 'terminal': True, 'recv_monotonic_s': 57177.3323858, 'time_source': 'single_rx_host_receive'}
[  75.21s] uav_03: phase_finished {'phase': 'p00_approach'}
[  75.27s] uav_02: waypoint_reached {'phase': 'p00_approach', 'seq': 2, 'route_index': 0, 'planner_index': 0, 'terminal': True, 'recv_monotonic_s': 57177.3913495, 'time_source': 'single_rx_host_receive'}
[  75.27s] uav_02: phase_finished {'phase': 'p00_approach'}
[  75.38s] uav_01: waypoint_reached {'phase': 'p00_approach', 'seq': 2, 'route_index': 0, 'planner_index': 0, 'terminal': True, 'recv_monotonic_s': 57177.5025431, 'time_source': 'single_rx_host_receive'}
[  75.38s] uav_01: phase_finished {'phase': 'p00_approach'}
[  76.30s] uav_02: task_target_verified {'phase': 'p00_approach', 'source_dwell_s': 0.5, 'tolerance_m': 1.0, 'position_error_m': 0.3541644515609696}
[  76.31s] uav_03: task_target_verified {'phase': 'p00_approach', 'source_dwell_s': 0.5, 'tolerance_m': 1.0, 'position_error_m': 0.29403787162483525}
[  76.41s] uav_01: task_target_verified {'phase': 'p00_approach', 'source_dwell_s': 0.5, 'tolerance_m': 1.0, 'position_error_m': 0.2703410480151791}
[  76.41s] swarm: phase_budget {'phase': 'p01_observe', 'nominal_duration_s': 59.1883385221768, 'multiplier': 3.0, 'allowance_s': 30.0, 'scenario_remaining_s': 1123.5892678000018, 'phase_timeout_override_s': None, 'effective_timeout_s': 207.5650155665304, 'scope': 'upload through terminal geometric confirmation; no automatic phase retry'}
[  76.41s] uav_01: phase_upload_started {'phase': 'p01_observe', 'mission_item_count': 9}
[  76.41s] uav_02: phase_upload_started {'phase': 'p01_observe', 'mission_item_count': 9}
[  76.41s] uav_03: phase_upload_started {'phase': 'p01_observe', 'mission_item_count': 9}
[  76.59s] uav_03: phase_upload_complete {'phase': 'p01_observe', 'duration_s': 0.18252159999974538}
[  76.61s] uav_01: phase_upload_complete {'phase': 'p01_observe', 'duration_s': 0.19793740000022808}
[  76.61s] uav_02: phase_upload_complete {'phase': 'p01_observe', 'duration_s': 0.20234519999939948}
[  76.62s] swarm: phase_release_scheduled {'phase': 'p01_observe', 'release_t': 76.9161368999994}
[  76.92s] uav_01: phase_start_sent {'phase': 'p01_observe'}
[  76.92s] uav_02: phase_start_sent {'phase': 'p01_observe'}
[  76.92s] uav_03: phase_start_sent {'phase': 'p01_observe'}
[  76.94s] uav_03: phase_auto_confirmed {'phase': 'p01_observe'}
[  76.94s] uav_03: waypoint_reached {'phase': 'p01_observe', 'seq': 1, 'route_index': None, 'planner_index': None, 'terminal': False, 'recv_monotonic_s': 57179.0612673, 'time_source': 'single_rx_host_receive'}
[  76.94s] uav_01: phase_auto_confirmed {'phase': 'p01_observe'}
[  76.94s] uav_01: waypoint_reached {'phase': 'p01_observe', 'seq': 1, 'route_index': None, 'planner_index': None, 'terminal': False, 'recv_monotonic_s': 57179.0619287, 'time_source': 'single_rx_host_receive'}
[  76.95s] uav_02: phase_auto_confirmed {'phase': 'p01_observe'}
[  76.95s] uav_02: waypoint_reached {'phase': 'p01_observe', 'seq': 1, 'route_index': None, 'planner_index': None, 'terminal': False, 'recv_monotonic_s': 57179.0751659, 'time_source': 'single_rx_host_receive'}
[  92.02s] uav_02: waypoint_reached {'phase': 'p01_observe', 'seq': 2, 'route_index': 0, 'planner_index': 1, 'terminal': False, 'recv_monotonic_s': 57194.1443895, 'time_source': 'single_rx_host_receive'}
[  92.04s] uav_01: waypoint_reached {'phase': 'p01_observe', 'seq': 2, 'route_index': 0, 'planner_index': 1, 'terminal': False, 'recv_monotonic_s': 57194.1589483, 'time_source': 'single_rx_host_receive'}
[  92.07s] uav_03: waypoint_reached {'phase': 'p01_observe', 'seq': 2, 'route_index': 0, 'planner_index': 1, 'terminal': False, 'recv_monotonic_s': 57194.1900198, 'time_source': 'single_rx_host_receive'}
[  94.22s] uav_02: waypoint_reached {'phase': 'p01_observe', 'seq': 3, 'route_index': 1, 'planner_index': 2, 'terminal': False, 'recv_monotonic_s': 57196.3437917, 'time_source': 'single_rx_host_receive'}
[  94.33s] uav_01: waypoint_reached {'phase': 'p01_observe', 'seq': 3, 'route_index': 1, 'planner_index': 2, 'terminal': False, 'recv_monotonic_s': 57196.4530252, 'time_source': 'single_rx_host_receive'}
[  94.51s] uav_03: waypoint_reached {'phase': 'p01_observe', 'seq': 3, 'route_index': 1, 'planner_index': 2, 'terminal': False, 'recv_monotonic_s': 57196.6293514, 'time_source': 'single_rx_host_receive'}
[ 109.76s] uav_02: waypoint_reached {'phase': 'p01_observe', 'seq': 4, 'route_index': 2, 'planner_index': 3, 'terminal': False, 'recv_monotonic_s': 57211.8800693, 'time_source': 'single_rx_host_receive'}
[ 109.82s] uav_01: waypoint_reached {'phase': 'p01_observe', 'seq': 4, 'route_index': 2, 'planner_index': 3, 'terminal': False, 'recv_monotonic_s': 57211.943168, 'time_source': 'single_rx_host_receive'}
[ 109.93s] uav_03: waypoint_reached {'phase': 'p01_observe', 'seq': 4, 'route_index': 2, 'planner_index': 3, 'terminal': False, 'recv_monotonic_s': 57212.0563997, 'time_source': 'single_rx_host_receive'}
[ 112.12s] uav_02: waypoint_reached {'phase': 'p01_observe', 'seq': 5, 'route_index': 3, 'planner_index': 4, 'terminal': False, 'recv_monotonic_s': 57214.2425349, 'time_source': 'single_rx_host_receive'}
[ 112.18s] uav_01: waypoint_reached {'phase': 'p01_observe', 'seq': 5, 'route_index': 3, 'planner_index': 4, 'terminal': False, 'recv_monotonic_s': 57214.3060176, 'time_source': 'single_rx_host_receive'}
[ 112.33s] uav_03: waypoint_reached {'phase': 'p01_observe', 'seq': 5, 'route_index': 3, 'planner_index': 4, 'terminal': False, 'recv_monotonic_s': 57214.458596, 'time_source': 'single_rx_host_receive'}
[ 127.59s] uav_02: waypoint_reached {'phase': 'p01_observe', 'seq': 6, 'route_index': 4, 'planner_index': 5, 'terminal': False, 'recv_monotonic_s': 57229.7100187, 'time_source': 'single_rx_host_receive'}
[ 127.69s] uav_01: waypoint_reached {'phase': 'p01_observe', 'seq': 6, 'route_index': 4, 'planner_index': 5, 'terminal': False, 'recv_monotonic_s': 57229.8184597, 'time_source': 'single_rx_host_receive'}
[ 127.82s] uav_03: waypoint_reached {'phase': 'p01_observe', 'seq': 6, 'route_index': 4, 'planner_index': 5, 'terminal': False, 'recv_monotonic_s': 57229.9454929, 'time_source': 'single_rx_host_receive'}
[ 129.78s] uav_02: waypoint_reached {'phase': 'p01_observe', 'seq': 7, 'route_index': 5, 'planner_index': 6, 'terminal': False, 'recv_monotonic_s': 57231.9018338, 'time_source': 'single_rx_host_receive'}
[ 129.91s] uav_01: waypoint_reached {'phase': 'p01_observe', 'seq': 7, 'route_index': 5, 'planner_index': 6, 'terminal': False, 'recv_monotonic_s': 57232.0386521, 'time_source': 'single_rx_host_receive'}
[ 129.99s] uav_03: waypoint_reached {'phase': 'p01_observe', 'seq': 7, 'route_index': 5, 'planner_index': 6, 'terminal': False, 'recv_monotonic_s': 57232.1167785, 'time_source': 'single_rx_host_receive'}
[ 146.35s] uav_02: waypoint_reached {'phase': 'p01_observe', 'seq': 8, 'route_index': 6, 'planner_index': 7, 'terminal': True, 'recv_monotonic_s': 57248.475936, 'time_source': 'single_rx_host_receive'}
[ 146.35s] uav_02: phase_finished {'phase': 'p01_observe'}
[ 146.46s] uav_01: waypoint_reached {'phase': 'p01_observe', 'seq': 8, 'route_index': 6, 'planner_index': 7, 'terminal': True, 'recv_monotonic_s': 57248.5870051, 'time_source': 'single_rx_host_receive'}
[ 146.46s] uav_01: phase_finished {'phase': 'p01_observe'}
[ 146.62s] uav_03: waypoint_reached {'phase': 'p01_observe', 'seq': 8, 'route_index': 6, 'planner_index': 7, 'terminal': True, 'recv_monotonic_s': 57248.7392017, 'time_source': 'single_rx_host_receive'}
[ 146.62s] uav_03: phase_finished {'phase': 'p01_observe'}
[ 147.47s] uav_02: task_target_verified {'phase': 'p01_observe', 'source_dwell_s': 0.5009999999999764, 'tolerance_m': 1.0, 'position_error_m': 0.19510120205580667}
[ 147.52s] uav_01: task_target_verified {'phase': 'p01_observe', 'source_dwell_s': 0.5009999999999764, 'tolerance_m': 1.0, 'position_error_m': 0.35663858798104914}
[ 147.69s] uav_03: task_target_verified {'phase': 'p01_observe', 'source_dwell_s': 0.5010000000000048, 'tolerance_m': 1.0, 'position_error_m': 0.17841869716589676}
[ 147.70s] swarm: phase_budget {'phase': 'p02_return', 'nominal_duration_s': 20.091248636642806, 'multiplier': 3.0, 'allowance_s': 30.0, 'scenario_remaining_s': 1052.3045535000056, 'phase_timeout_override_s': None, 'effective_timeout_s': 90.27374590992842, 'scope': 'upload through terminal geometric confirmation; no automatic phase retry'}
[ 147.70s] uav_01: phase_upload_started {'phase': 'p02_return', 'mission_item_count': 3}
[ 147.70s] uav_02: phase_upload_started {'phase': 'p02_return', 'mission_item_count': 3}
[ 147.70s] uav_03: phase_upload_started {'phase': 'p02_return', 'mission_item_count': 3}
[ 147.74s] uav_02: phase_upload_complete {'phase': 'p02_return', 'duration_s': 0.04422569999587722}
[ 147.75s] uav_03: phase_upload_complete {'phase': 'p02_return', 'duration_s': 0.0568284000037238}
[ 147.77s] uav_01: phase_upload_complete {'phase': 'p02_return', 'duration_s': 0.07203669999580598}
[ 147.77s] swarm: phase_release_scheduled {'phase': 'p02_return', 'release_t': 148.06778840000334}
[ 148.07s] uav_01: phase_start_sent {'phase': 'p02_return'}
[ 148.07s] uav_03: phase_start_sent {'phase': 'p02_return'}
[ 148.07s] uav_02: phase_start_sent {'phase': 'p02_return'}
[ 148.07s] uav_01: waypoint_reached {'phase': 'p02_return', 'seq': 1, 'route_index': None, 'planner_index': None, 'terminal': False, 'recv_monotonic_s': 57250.1949516, 'time_source': 'single_rx_host_receive'}
[ 148.07s] uav_03: waypoint_reached {'phase': 'p02_return', 'seq': 1, 'route_index': None, 'planner_index': None, 'terminal': False, 'recv_monotonic_s': 57250.1950071, 'time_source': 'single_rx_host_receive'}
[ 148.07s] uav_03: phase_auto_confirmed {'phase': 'p02_return'}
[ 148.07s] uav_01: phase_auto_confirmed {'phase': 'p02_return'}
[ 148.07s] uav_02: phase_auto_confirmed {'phase': 'p02_return'}
[ 148.08s] uav_02: waypoint_reached {'phase': 'p02_return', 'seq': 1, 'route_index': None, 'planner_index': None, 'terminal': False, 'recv_monotonic_s': 57250.2021862, 'time_source': 'single_rx_host_receive'}
[ 169.77s] uav_01: waypoint_reached {'phase': 'p02_return', 'seq': 2, 'route_index': 0, 'planner_index': 0, 'terminal': True, 'recv_monotonic_s': 57271.8957642, 'time_source': 'single_rx_host_receive'}
[ 169.77s] uav_01: phase_finished {'phase': 'p02_return'}
[ 169.85s] uav_02: waypoint_reached {'phase': 'p02_return', 'seq': 2, 'route_index': 0, 'planner_index': 0, 'terminal': True, 'recv_monotonic_s': 57271.9750011, 'time_source': 'single_rx_host_receive'}
[ 169.85s] uav_02: phase_finished {'phase': 'p02_return'}
[ 170.05s] uav_03: waypoint_reached {'phase': 'p02_return', 'seq': 2, 'route_index': 0, 'planner_index': 0, 'terminal': True, 'recv_monotonic_s': 57272.177154, 'time_source': 'single_rx_host_receive'}
[ 170.05s] uav_03: phase_finished {'phase': 'p02_return'}
[ 170.81s] uav_01: task_target_verified {'phase': 'p02_return', 'source_dwell_s': 0.5010000000000048, 'tolerance_m': 1.0, 'position_error_m': 0.11545060232914571}
[ 170.83s] uav_02: task_target_verified {'phase': 'p02_return', 'source_dwell_s': 0.5010000000000048, 'tolerance_m': 1.0, 'position_error_m': 0.13874767554180256}
[ 171.03s] uav_03: task_target_verified {'phase': 'p02_return', 'source_dwell_s': 0.5010000000000048, 'tolerance_m': 1.0, 'position_error_m': 0.2119302224814574}
[ 171.04s] uav_01: landing_started {'source_boot_s': 165.267, 'source_sample_age_s': 0.09814919999917038}
[ 171.04s] uav_02: landing_started {'source_boot_s': 165.367, 'source_sample_age_s': 0.11133759999938775}
[ 171.04s] uav_03: landing_started {'source_boot_s': 165.267, 'source_sample_age_s': 0.004349099996034056}
[ 190.22s] uav_01: landed 
[ 190.30s] uav_03: landed 
[ 191.09s] uav_02: landed 
Result: completed; usable: True; data: F:\CASIA\Drone Swarm Situational Awareness Algorithm\Simulation\Multi-UAV SimpleGC\verification\v05_r12_pp_20261002\execution\02_reconnaissance\attempt_0\attempts\2703a0dd2401479fa569eae73a1d772e\reconnaissance_0001_v00_20261002T200045Z_bb259eec
{"version": "v05_r12_pilot_controller_v1", "completed": false, "stopped_reason": null, "aggregate": {"logical_completed": 3, "attempts": 3, "qualified": 3, "accepted_for_pp": 3, "pair_qualified": 1, "pair_accepted_for_pp": 1, "by_intent": {"reconnaissance": {"attempted": 2, "qualified": 2, "accepted_for_pp": 2, "success_given_quality": 2, "success_fraction_given_quality": 1.0, "success_given_pp_acceptance": 2, "success_fraction_given_pp_acceptance": 1.0}, "patrol": {"attempted": 1, "qualified": 1, "accepted_for_pp": 1, "success_given_quality": 1, "success_fraction_given_quality": 1.0, "success_given_pp_acceptance": 1, "success_fraction_given_pp_acceptance": 1.0}}}}
