[   1.63s] uav_02: connected {'sysid': 2}
[   1.63s] uav_01: connected {'sysid': 1}
[   1.63s] uav_01: firmware_version_request_tx {'request_type': 'COMMAND_LONG', 'purpose': 'autopilot_version', 'target_sysid': 1, 'target_component': 1, 'missing_index': None, 'correlation_id': '634f333a6e4b4dbd8e993c6728085b47:0', 'send_before_monotonic_s': 58265.7141919, 'send_after_monotonic_s': 58265.7142808, 'success': True, 'error': None}
[   1.63s] uav_02: firmware_version_request_tx {'request_type': 'COMMAND_LONG', 'purpose': 'autopilot_version', 'target_sysid': 2, 'target_component': 1, 'missing_index': None, 'correlation_id': '8b021f83165d40008249859e23ab2f1d:0', 'send_before_monotonic_s': 58265.7142515, 'send_after_monotonic_s': 58265.7143154, 'success': True, 'error': None}
[  11.63s] uav_02: parameter_request_tx {'request_type': 'PARAM_REQUEST_LIST', 'purpose': 'first', 'target_sysid': 2, 'target_component': 1, 'missing_index': None, 'correlation_id': '8b021f83165d40008249859e23ab2f1d:1', 'send_before_monotonic_s': 58275.7169964, 'send_after_monotonic_s': 58275.7172637, 'success': True, 'error': None}
[  11.63s] uav_01: parameter_request_tx {'request_type': 'PARAM_REQUEST_LIST', 'purpose': 'first', 'target_sysid': 1, 'target_component': 1, 'missing_index': None, 'correlation_id': '634f333a6e4b4dbd8e993c6728085b47:1', 'send_before_monotonic_s': 58275.717226, 'send_after_monotonic_s': 58275.7172978, 'success': True, 'error': None}
[  12.20s] uav_01: parameter_readback_complete {'read_id': '634f333a6e4b4dbd8e993c6728085b47', 'parameter_count': 1202, 'wpnav_count': 7}
[  12.26s] uav_02: parameter_readback_complete {'read_id': '8b021f83165d40008249859e23ab2f1d', 'parameter_count': 1202, 'wpnav_count': 7}
[  12.27s] swarm: preflight_verified {'version': 'v3_preflight_provenance_v1', 'parameter_comparison_version': 'wp_s_parameter_comparison_v2'}
[  42.59s] uav_02: armed_confirmed {'source_boot_s': 40.067, 'source_sample_age_s': 0.02903589999914402}
[  42.59s] uav_02: takeoff_command_sent {'source_boot_s': 40.067, 'source_sample_age_s': 0.029245400000945665}
[  42.67s] uav_01: armed_confirmed {'source_boot_s': 39.966, 'source_sample_age_s': 0.10742299999401439}
[  42.67s] uav_01: takeoff_command_sent {'source_boot_s': 39.966, 'source_sample_age_s': 0.10772149999684189}
[  50.78s] uav_02: airborne_ready 
[  50.92s] uav_01: airborne_ready 
[  50.92s] swarm: phase_budget {'phase': 'p00_approach', 'nominal_duration_s': 9.150383600557422, 'multiplier': 3.0, 'allowance_s': 30.0, 'scenario_remaining_s': 1149.0764024000018, 'phase_timeout_override_s': None, 'effective_timeout_s': 57.45115080167227, 'scope': 'upload through terminal geometric confirmation; no automatic phase retry'}
[  50.92s] uav_01: phase_upload_started {'phase': 'p00_approach', 'mission_item_count': 3}
[  50.92s] uav_02: phase_upload_started {'phase': 'p00_approach', 'mission_item_count': 3}
[  51.87s] uav_02: phase_upload_complete {'phase': 'p00_approach', 'duration_s': 0.9443921999991289}
[  51.94s] uav_01: phase_upload_complete {'phase': 'p00_approach', 'duration_s': 1.0123380000004545}
[  51.94s] swarm: phase_release_scheduled {'phase': 'p00_approach', 'release_t': 52.23626230000082}
[  52.25s] uav_02: phase_start_sent {'phase': 'p00_approach'}
[  52.25s] uav_01: phase_start_sent {'phase': 'p00_approach'}
[  52.25s] uav_01: waypoint_reached {'phase': 'p00_approach', 'seq': 1, 'route_index': None, 'planner_index': None, 'terminal': False, 'recv_monotonic_s': 58316.3310683, 'time_source': 'single_rx_host_receive'}
[  52.25s] uav_01: phase_auto_confirmed {'phase': 'p00_approach'}
[  52.26s] uav_02: phase_auto_confirmed {'phase': 'p00_approach'}
[  52.26s] uav_02: waypoint_reached {'phase': 'p00_approach', 'seq': 1, 'route_index': None, 'planner_index': None, 'terminal': False, 'recv_monotonic_s': 58316.3464258, 'time_source': 'single_rx_host_receive'}
[  61.19s] uav_01: waypoint_reached {'phase': 'p00_approach', 'seq': 2, 'route_index': 0, 'planner_index': 0, 'terminal': True, 'recv_monotonic_s': 58325.2761002, 'time_source': 'single_rx_host_receive'}
[  61.19s] uav_01: phase_finished {'phase': 'p00_approach'}
[  62.07s] uav_02: waypoint_reached {'phase': 'p00_approach', 'seq': 2, 'route_index': 0, 'planner_index': 0, 'terminal': True, 'recv_monotonic_s': 58326.1588258, 'time_source': 'single_rx_host_receive'}
[  62.08s] uav_02: phase_finished {'phase': 'p00_approach'}
[  62.71s] uav_01: task_target_verified {'phase': 'p00_approach', 'source_dwell_s': 0.5989999999999966, 'tolerance_m': 1.0, 'position_error_m': 0.2404619382801806}
[  63.23s] uav_02: task_target_verified {'phase': 'p00_approach', 'source_dwell_s': 0.5, 'tolerance_m': 1.0, 'position_error_m': 0.38497815293649035}
[  63.23s] swarm: phase_budget {'phase': 'p01_observe', 'nominal_duration_s': 65.21611160070312, 'multiplier': 3.0, 'allowance_s': 30.0, 'scenario_remaining_s': 1136.7675229000015, 'phase_timeout_override_s': None, 'effective_timeout_s': 225.64833480210933, 'scope': 'upload through terminal geometric confirmation; no automatic phase retry'}
[  63.24s] uav_01: phase_upload_started {'phase': 'p01_observe', 'mission_item_count': 9}
[  63.24s] uav_02: phase_upload_started {'phase': 'p01_observe', 'mission_item_count': 9}
[  63.35s] uav_01: phase_upload_complete {'phase': 'p01_observe', 'duration_s': 0.11580200000025798}
[  63.35s] uav_02: phase_upload_complete {'phase': 'p01_observe', 'duration_s': 0.11632359999930486}
[  63.36s] swarm: phase_release_scheduled {'phase': 'p01_observe', 'release_t': 63.65341679999983}
[  63.67s] uav_01: phase_start_sent {'phase': 'p01_observe'}
[  63.67s] uav_02: phase_start_sent {'phase': 'p01_observe'}
[  63.67s] uav_01: phase_auto_confirmed {'phase': 'p01_observe'}
[  63.67s] uav_01: waypoint_reached {'phase': 'p01_observe', 'seq': 1, 'route_index': None, 'planner_index': None, 'terminal': False, 'recv_monotonic_s': 58327.7522911, 'time_source': 'single_rx_host_receive'}
[  63.67s] uav_02: phase_auto_confirmed {'phase': 'p01_observe'}
[  63.67s] uav_02: waypoint_reached {'phase': 'p01_observe', 'seq': 1, 'route_index': None, 'planner_index': None, 'terminal': False, 'recv_monotonic_s': 58327.7532918, 'time_source': 'single_rx_host_receive'}
[  80.15s] uav_01: waypoint_reached {'phase': 'p01_observe', 'seq': 2, 'route_index': 0, 'planner_index': 1, 'terminal': False, 'recv_monotonic_s': 58344.2295147, 'time_source': 'single_rx_host_receive'}
[  80.48s] uav_02: waypoint_reached {'phase': 'p01_observe', 'seq': 2, 'route_index': 0, 'planner_index': 1, 'terminal': False, 'recv_monotonic_s': 58344.5609875, 'time_source': 'single_rx_host_receive'}
[  82.78s] uav_01: waypoint_reached {'phase': 'p01_observe', 'seq': 3, 'route_index': 1, 'planner_index': 2, 'terminal': False, 'recv_monotonic_s': 58346.8678589, 'time_source': 'single_rx_host_receive'}
[  83.08s] uav_02: waypoint_reached {'phase': 'p01_observe', 'seq': 3, 'route_index': 1, 'planner_index': 2, 'terminal': False, 'recv_monotonic_s': 58347.1628984, 'time_source': 'single_rx_host_receive'}
[  98.78s] uav_01: waypoint_reached {'phase': 'p01_observe', 'seq': 4, 'route_index': 2, 'planner_index': 3, 'terminal': False, 'recv_monotonic_s': 58362.8658583, 'time_source': 'single_rx_host_receive'}
[  99.20s] uav_02: waypoint_reached {'phase': 'p01_observe', 'seq': 4, 'route_index': 2, 'planner_index': 3, 'terminal': False, 'recv_monotonic_s': 58363.2844037, 'time_source': 'single_rx_host_receive'}
[ 101.27s] uav_01: waypoint_reached {'phase': 'p01_observe', 'seq': 5, 'route_index': 3, 'planner_index': 4, 'terminal': False, 'recv_monotonic_s': 58365.3547954, 'time_source': 'single_rx_host_receive'}
[ 101.66s] uav_02: waypoint_reached {'phase': 'p01_observe', 'seq': 5, 'route_index': 3, 'planner_index': 4, 'terminal': False, 'recv_monotonic_s': 58365.7437413, 'time_source': 'single_rx_host_receive'}
[ 117.43s] uav_01: waypoint_reached {'phase': 'p01_observe', 'seq': 6, 'route_index': 4, 'planner_index': 5, 'terminal': False, 'recv_monotonic_s': 58381.5110717, 'time_source': 'single_rx_host_receive'}
[ 117.84s] uav_02: waypoint_reached {'phase': 'p01_observe', 'seq': 6, 'route_index': 4, 'planner_index': 5, 'terminal': False, 'recv_monotonic_s': 58381.9282264, 'time_source': 'single_rx_host_receive'}
[ 120.00s] uav_01: waypoint_reached {'phase': 'p01_observe', 'seq': 7, 'route_index': 5, 'planner_index': 6, 'terminal': False, 'recv_monotonic_s': 58384.0838084, 'time_source': 'single_rx_host_receive'}
[ 120.52s] uav_02: waypoint_reached {'phase': 'p01_observe', 'seq': 7, 'route_index': 5, 'planner_index': 6, 'terminal': False, 'recv_monotonic_s': 58384.5990072, 'time_source': 'single_rx_host_receive'}
[ 136.53s] uav_01: waypoint_reached {'phase': 'p01_observe', 'seq': 8, 'route_index': 6, 'planner_index': 7, 'terminal': True, 'recv_monotonic_s': 58400.6166775, 'time_source': 'single_rx_host_receive'}
[ 136.53s] uav_01: phase_finished {'phase': 'p01_observe'}
[ 137.02s] uav_02: waypoint_reached {'phase': 'p01_observe', 'seq': 8, 'route_index': 6, 'planner_index': 7, 'terminal': True, 'recv_monotonic_s': 58401.1005351, 'time_source': 'single_rx_host_receive'}
[ 137.02s] uav_02: phase_finished {'phase': 'p01_observe'}
[ 137.69s] uav_01: task_target_verified {'phase': 'p01_observe', 'source_dwell_s': 0.599000000000018, 'tolerance_m': 1.0, 'position_error_m': 0.249739403855647}
[ 137.69s] uav_02: task_target_verified {'phase': 'p01_observe', 'source_dwell_s': 0.5, 'tolerance_m': 1.0, 'position_error_m': 0.1966992118414326}
[ 137.69s] uav_01: landing_started {'source_boot_s': 132.966, 'source_sample_age_s': 0.005658699999912642}
[ 137.69s] uav_02: landing_started {'source_boot_s': 133.066, 'source_sample_age_s': 0.004533900006208569}
[ 157.15s] uav_02: landed 
[ 157.22s] uav_01: landed 
Result: completed; usable: True; data: F:\CASIA\Drone Swarm Situational Awareness Algorithm\Simulation\Multi-UAV SimpleGC\verification\v05_r12_pp_20261002\execution\06_reconnaissance\attempt_0\attempts\4b10190515664e7a86074f08762ccee0\reconnaissance_0003_v00_20261002T202007Z_7dceef98
{"version": "v05_r12_pilot_controller_v1", "completed": false, "stopped_reason": null, "aggregate": {"logical_completed": 7, "attempts": 7, "qualified": 7, "accepted_for_pp": 7, "pair_qualified": 3, "pair_accepted_for_pp": 3, "by_intent": {"reconnaissance": {"attempted": 4, "qualified": 4, "accepted_for_pp": 4, "success_given_quality": 4, "success_fraction_given_quality": 1.0, "success_given_pp_acceptance": 4, "success_fraction_given_pp_acceptance": 1.0}, "patrol": {"attempted": 3, "qualified": 3, "accepted_for_pp": 3, "success_given_quality": 3, "success_fraction_given_quality": 1.0, "success_given_pp_acceptance": 3, "success_fraction_given_pp_acceptance": 1.0}}}}
