[   1.64s] uav_01: connected {'sysid': 1}
[   1.64s] uav_02: connected {'sysid': 2}
[   1.65s] uav_03: connected {'sysid': 3}
[   1.65s] uav_01: firmware_version_request_tx {'request_type': 'COMMAND_LONG', 'purpose': 'autopilot_version', 'target_sysid': 1, 'target_component': 1, 'missing_index': None, 'correlation_id': 'e8e80c9900b74810b0d842f8879c942d:0', 'send_before_monotonic_s': 57331.9516558, 'send_after_monotonic_s': 57331.9517919, 'success': True, 'error': None}
[   1.65s] uav_02: firmware_version_request_tx {'request_type': 'COMMAND_LONG', 'purpose': 'autopilot_version', 'target_sysid': 2, 'target_component': 1, 'missing_index': None, 'correlation_id': 'e8ae7ed6974a494ebaabeda3cb350e35:0', 'send_before_monotonic_s': 57331.95172, 'send_after_monotonic_s': 57331.951846, 'success': True, 'error': None}
[   1.65s] uav_03: firmware_version_request_tx {'request_type': 'COMMAND_LONG', 'purpose': 'autopilot_version', 'target_sysid': 3, 'target_component': 1, 'missing_index': None, 'correlation_id': 'd12883e926044e7a9454c2bc6a0fed74:0', 'send_before_monotonic_s': 57331.9517595, 'send_after_monotonic_s': 57331.9518583, 'success': True, 'error': None}
[  11.66s] uav_02: parameter_request_tx {'request_type': 'PARAM_REQUEST_LIST', 'purpose': 'first', 'target_sysid': 2, 'target_component': 1, 'missing_index': None, 'correlation_id': 'e8ae7ed6974a494ebaabeda3cb350e35:1', 'send_before_monotonic_s': 57341.9639967, 'send_after_monotonic_s': 57341.9646752, 'success': True, 'error': None}
[  11.66s] uav_03: parameter_request_tx {'request_type': 'PARAM_REQUEST_LIST', 'purpose': 'first', 'target_sysid': 3, 'target_component': 1, 'missing_index': None, 'correlation_id': 'd12883e926044e7a9454c2bc6a0fed74:1', 'send_before_monotonic_s': 57341.9642261, 'send_after_monotonic_s': 57341.9647315, 'success': True, 'error': None}
[  11.66s] uav_01: parameter_request_tx {'request_type': 'PARAM_REQUEST_LIST', 'purpose': 'first', 'target_sysid': 1, 'target_component': 1, 'missing_index': None, 'correlation_id': 'e8e80c9900b74810b0d842f8879c942d:1', 'send_before_monotonic_s': 57341.9644458, 'send_after_monotonic_s': 57341.9649637, 'success': True, 'error': None}
[  12.23s] uav_03: parameter_readback_complete {'read_id': 'd12883e926044e7a9454c2bc6a0fed74', 'parameter_count': 1202, 'wpnav_count': 7}
[  12.23s] uav_02: parameter_readback_complete {'read_id': 'e8ae7ed6974a494ebaabeda3cb350e35', 'parameter_count': 1202, 'wpnav_count': 7}
[  12.29s] uav_01: parameter_readback_complete {'read_id': 'e8e80c9900b74810b0d842f8879c942d', 'parameter_count': 1202, 'wpnav_count': 7}
[  12.31s] swarm: preflight_verified {'version': 'v3_preflight_provenance_v1', 'parameter_comparison_version': 'wp_s_parameter_comparison_v2'}
[  43.04s] uav_01: armed_confirmed {'source_boot_s': 39.966, 'source_sample_age_s': 0.09108379999815952}
[  43.04s] uav_01: takeoff_command_sent {'source_boot_s': 39.966, 'source_sample_age_s': 0.09127140000055078}
[  43.05s] uav_03: armed_confirmed {'source_boot_s': 39.966, 'source_sample_age_s': 0.1070735000030254}
[  43.05s] uav_03: takeoff_command_sent {'source_boot_s': 39.966, 'source_sample_age_s': 0.10731590000068536}
[  43.29s] uav_02: armed_confirmed {'source_boot_s': 40.067, 'source_sample_age_s': 0.01383440000063274}
[  43.29s] uav_02: takeoff_command_sent {'source_boot_s': 40.067, 'source_sample_age_s': 0.014094500002101995}
[  51.29s] uav_03: airborne_ready 
[  51.34s] uav_01: airborne_ready 
[  51.53s] uav_02: airborne_ready 
[  51.53s] swarm: phase_budget {'phase': 'p00_approach', 'nominal_duration_s': 20.111967519769713, 'multiplier': 3.0, 'allowance_s': 30.0, 'scenario_remaining_s': 1148.471349499996, 'phase_timeout_override_s': None, 'effective_timeout_s': 90.33590255930915, 'scope': 'upload through terminal geometric confirmation; no automatic phase retry'}
[  51.53s] uav_01: phase_upload_started {'phase': 'p00_approach', 'mission_item_count': 3}
[  51.53s] uav_02: phase_upload_started {'phase': 'p00_approach', 'mission_item_count': 3}
[  51.53s] uav_03: phase_upload_started {'phase': 'p00_approach', 'mission_item_count': 3}
[  52.26s] uav_03: phase_upload_complete {'phase': 'p00_approach', 'duration_s': 0.7294601000030525}
[  52.32s] uav_01: phase_upload_complete {'phase': 'p00_approach', 'duration_s': 0.7931543000013335}
[  52.48s] uav_02: phase_upload_complete {'phase': 'p00_approach', 'duration_s': 0.9541057000024011}
[  52.49s] swarm: phase_release_scheduled {'phase': 'p00_approach', 'release_t': 52.78308110000944}
[  52.79s] uav_03: phase_start_sent {'phase': 'p00_approach'}
[  52.79s] uav_01: phase_start_sent {'phase': 'p00_approach'}
[  52.79s] uav_02: phase_start_sent {'phase': 'p00_approach'}
[  52.79s] uav_03: phase_auto_confirmed {'phase': 'p00_approach'}
[  52.79s] uav_03: waypoint_reached {'phase': 'p00_approach', 'seq': 1, 'route_index': None, 'planner_index': None, 'terminal': False, 'recv_monotonic_s': 57383.0939026, 'time_source': 'single_rx_host_receive'}
[  52.79s] uav_01: phase_auto_confirmed {'phase': 'p00_approach'}
[  52.80s] uav_01: waypoint_reached {'phase': 'p00_approach', 'seq': 1, 'route_index': None, 'planner_index': None, 'terminal': False, 'recv_monotonic_s': 57383.0951986, 'time_source': 'single_rx_host_receive'}
[  52.81s] uav_02: waypoint_reached {'phase': 'p00_approach', 'seq': 1, 'route_index': None, 'planner_index': None, 'terminal': False, 'recv_monotonic_s': 57383.1091045, 'time_source': 'single_rx_host_receive'}
[  52.81s] uav_02: phase_auto_confirmed {'phase': 'p00_approach'}
[  60.67s] uav_02: waypoint_reached {'phase': 'p00_approach', 'seq': 2, 'route_index': 0, 'planner_index': 0, 'terminal': True, 'recv_monotonic_s': 57390.9661313, 'time_source': 'single_rx_host_receive'}
[  60.67s] uav_02: phase_finished {'phase': 'p00_approach'}
[  70.15s] uav_01: waypoint_reached {'phase': 'p00_approach', 'seq': 2, 'route_index': 0, 'planner_index': 0, 'terminal': True, 'recv_monotonic_s': 57400.4505721, 'time_source': 'single_rx_host_receive'}
[  70.15s] uav_01: phase_finished {'phase': 'p00_approach'}
[  75.20s] uav_03: waypoint_reached {'phase': 'p00_approach', 'seq': 2, 'route_index': 0, 'planner_index': 0, 'terminal': True, 'recv_monotonic_s': 57405.4986456, 'time_source': 'single_rx_host_receive'}
[  75.20s] uav_03: phase_finished {'phase': 'p00_approach'}
[  75.76s] uav_02: task_target_verified {'phase': 'p00_approach', 'source_dwell_s': 0.5, 'tolerance_m': 1.0, 'position_error_m': 0.15718241633373287}
[  75.94s] uav_01: task_target_verified {'phase': 'p00_approach', 'source_dwell_s': 0.5990000000000038, 'tolerance_m': 1.0, 'position_error_m': 0.1504700530191165}
[  76.28s] uav_03: task_target_verified {'phase': 'p00_approach', 'source_dwell_s': 0.5, 'tolerance_m': 1.0, 'position_error_m': 0.22305824424023327}
[  76.29s] swarm: phase_budget {'phase': 'p01_patrol', 'nominal_duration_s': 105.37061872589504, 'multiplier': 3.0, 'allowance_s': 30.0, 'scenario_remaining_s': 1123.7112512999956, 'phase_timeout_override_s': None, 'effective_timeout_s': 346.1118561776851, 'scope': 'upload through terminal geometric confirmation; no automatic phase retry'}
[  76.29s] uav_01: phase_upload_started {'phase': 'p01_patrol', 'mission_item_count': 12}
[  76.29s] uav_02: phase_upload_started {'phase': 'p01_patrol', 'mission_item_count': 12}
[  76.29s] uav_03: phase_upload_started {'phase': 'p01_patrol', 'mission_item_count': 12}
[  76.45s] uav_01: phase_upload_complete {'phase': 'p01_patrol', 'duration_s': 0.1641955000013695}
[  76.52s] uav_03: phase_upload_complete {'phase': 'p01_patrol', 'duration_s': 0.2264567000020179}
[  76.56s] uav_02: phase_upload_complete {'phase': 'p01_patrol', 'duration_s': 0.2717158000014024}
[  76.56s] swarm: phase_release_scheduled {'phase': 'p01_patrol', 'release_t': 76.86088220000966}
[  76.87s] uav_03: phase_start_sent {'phase': 'p01_patrol'}
[  76.87s] uav_02: phase_start_sent {'phase': 'p01_patrol'}
[  76.87s] uav_01: phase_start_sent {'phase': 'p01_patrol'}
[  76.88s] uav_02: phase_auto_confirmed {'phase': 'p01_patrol'}
[  76.89s] uav_03: phase_auto_confirmed {'phase': 'p01_patrol'}
[  76.89s] uav_02: waypoint_reached {'phase': 'p01_patrol', 'seq': 1, 'route_index': None, 'planner_index': None, 'terminal': False, 'recv_monotonic_s': 57407.1857072, 'time_source': 'single_rx_host_receive'}
[  76.89s] uav_03: waypoint_reached {'phase': 'p01_patrol', 'seq': 1, 'route_index': None, 'planner_index': None, 'terminal': False, 'recv_monotonic_s': 57407.18615, 'time_source': 'single_rx_host_receive'}
[  76.89s] uav_01: phase_auto_confirmed {'phase': 'p01_patrol'}
[  76.89s] uav_01: waypoint_reached {'phase': 'p01_patrol', 'seq': 1, 'route_index': None, 'planner_index': None, 'terminal': False, 'recv_monotonic_s': 57407.1863706, 'time_source': 'single_rx_host_receive'}
[  80.84s] uav_02: waypoint_reached {'phase': 'p01_patrol', 'seq': 2, 'route_index': 0, 'planner_index': 0, 'terminal': False, 'recv_monotonic_s': 57411.1424469, 'time_source': 'single_rx_host_receive'}
[  85.96s] uav_01: waypoint_reached {'phase': 'p01_patrol', 'seq': 2, 'route_index': 0, 'planner_index': 0, 'terminal': False, 'recv_monotonic_s': 57416.2603528, 'time_source': 'single_rx_host_receive'}
[  89.51s] uav_03: waypoint_reached {'phase': 'p01_patrol', 'seq': 2, 'route_index': 0, 'planner_index': 0, 'terminal': False, 'recv_monotonic_s': 57419.8085789, 'time_source': 'single_rx_host_receive'}
[  96.41s] uav_02: waypoint_reached {'phase': 'p01_patrol', 'seq': 3, 'route_index': 1, 'planner_index': 1, 'terminal': False, 'recv_monotonic_s': 57426.7075379, 'time_source': 'single_rx_host_receive'}
[  99.78s] uav_01: waypoint_reached {'phase': 'p01_patrol', 'seq': 3, 'route_index': 1, 'planner_index': 1, 'terminal': False, 'recv_monotonic_s': 57430.0795268, 'time_source': 'single_rx_host_receive'}
[ 105.09s] uav_03: waypoint_reached {'phase': 'p01_patrol', 'seq': 3, 'route_index': 1, 'planner_index': 1, 'terminal': False, 'recv_monotonic_s': 57435.3870203, 'time_source': 'single_rx_host_receive'}
[ 110.17s] uav_02: waypoint_reached {'phase': 'p01_patrol', 'seq': 4, 'route_index': 2, 'planner_index': 2, 'terminal': False, 'recv_monotonic_s': 57440.4687226, 'time_source': 'single_rx_host_receive'}
[ 115.21s] uav_01: waypoint_reached {'phase': 'p01_patrol', 'seq': 4, 'route_index': 2, 'planner_index': 2, 'terminal': False, 'recv_monotonic_s': 57445.5058311, 'time_source': 'single_rx_host_receive'}
[ 118.77s] uav_03: waypoint_reached {'phase': 'p01_patrol', 'seq': 4, 'route_index': 2, 'planner_index': 2, 'terminal': False, 'recv_monotonic_s': 57449.0733209, 'time_source': 'single_rx_host_receive'}
[ 125.55s] uav_02: waypoint_reached {'phase': 'p01_patrol', 'seq': 5, 'route_index': 3, 'planner_index': 3, 'terminal': False, 'recv_monotonic_s': 57455.8544963, 'time_source': 'single_rx_host_receive'}
[ 128.86s] uav_01: waypoint_reached {'phase': 'p01_patrol', 'seq': 5, 'route_index': 3, 'planner_index': 3, 'terminal': False, 'recv_monotonic_s': 57459.1636546, 'time_source': 'single_rx_host_receive'}
[ 134.22s] uav_03: waypoint_reached {'phase': 'p01_patrol', 'seq': 5, 'route_index': 3, 'planner_index': 3, 'terminal': False, 'recv_monotonic_s': 57464.5153121, 'time_source': 'single_rx_host_receive'}
[ 136.25s] uav_01: waypoint_reached {'phase': 'p01_patrol', 'seq': 6, 'route_index': 4, 'planner_index': 4, 'terminal': False, 'recv_monotonic_s': 57466.5549777, 'time_source': 'single_rx_host_receive'}
[ 136.42s] uav_03: waypoint_reached {'phase': 'p01_patrol', 'seq': 6, 'route_index': 4, 'planner_index': 4, 'terminal': False, 'recv_monotonic_s': 57466.723112, 'time_source': 'single_rx_host_receive'}
[ 136.47s] uav_02: waypoint_reached {'phase': 'p01_patrol', 'seq': 6, 'route_index': 4, 'planner_index': 4, 'terminal': False, 'recv_monotonic_s': 57466.771603, 'time_source': 'single_rx_host_receive'}
[ 139.23s] uav_02: waypoint_reached {'phase': 'p01_patrol', 'seq': 7, 'route_index': 5, 'planner_index': 5, 'terminal': False, 'recv_monotonic_s': 57469.5283914, 'time_source': 'single_rx_host_receive'}
[ 144.35s] uav_01: waypoint_reached {'phase': 'p01_patrol', 'seq': 7, 'route_index': 5, 'planner_index': 5, 'terminal': False, 'recv_monotonic_s': 57474.6489789, 'time_source': 'single_rx_host_receive'}
[ 148.14s] uav_03: waypoint_reached {'phase': 'p01_patrol', 'seq': 7, 'route_index': 5, 'planner_index': 5, 'terminal': False, 'recv_monotonic_s': 57478.4370273, 'time_source': 'single_rx_host_receive'}
[ 154.62s] uav_02: waypoint_reached {'phase': 'p01_patrol', 'seq': 8, 'route_index': 6, 'planner_index': 6, 'terminal': False, 'recv_monotonic_s': 57484.9204079, 'time_source': 'single_rx_host_receive'}
[ 157.98s] uav_01: waypoint_reached {'phase': 'p01_patrol', 'seq': 8, 'route_index': 6, 'planner_index': 6, 'terminal': False, 'recv_monotonic_s': 57488.2799226, 'time_source': 'single_rx_host_receive'}
[ 163.60s] uav_03: waypoint_reached {'phase': 'p01_patrol', 'seq': 8, 'route_index': 6, 'planner_index': 6, 'terminal': False, 'recv_monotonic_s': 57493.903607, 'time_source': 'single_rx_host_receive'}
[ 168.34s] uav_02: waypoint_reached {'phase': 'p01_patrol', 'seq': 9, 'route_index': 7, 'planner_index': 7, 'terminal': False, 'recv_monotonic_s': 57498.6421891, 'time_source': 'single_rx_host_receive'}
[ 173.40s] uav_01: waypoint_reached {'phase': 'p01_patrol', 'seq': 9, 'route_index': 7, 'planner_index': 7, 'terminal': False, 'recv_monotonic_s': 57503.7018541, 'time_source': 'single_rx_host_receive'}
[ 177.23s] uav_03: waypoint_reached {'phase': 'p01_patrol', 'seq': 9, 'route_index': 7, 'planner_index': 7, 'terminal': False, 'recv_monotonic_s': 57507.5286907, 'time_source': 'single_rx_host_receive'}
[ 183.69s] uav_02: waypoint_reached {'phase': 'p01_patrol', 'seq': 10, 'route_index': 8, 'planner_index': 8, 'terminal': False, 'recv_monotonic_s': 57513.9924133, 'time_source': 'single_rx_host_receive'}
[ 187.01s] uav_01: waypoint_reached {'phase': 'p01_patrol', 'seq': 10, 'route_index': 8, 'planner_index': 8, 'terminal': False, 'recv_monotonic_s': 57517.3090511, 'time_source': 'single_rx_host_receive'}
[ 192.67s] uav_03: waypoint_reached {'phase': 'p01_patrol', 'seq': 10, 'route_index': 8, 'planner_index': 8, 'terminal': False, 'recv_monotonic_s': 57522.9743589, 'time_source': 'single_rx_host_receive'}
[ 195.27s] uav_03: waypoint_reached {'phase': 'p01_patrol', 'seq': 11, 'route_index': 9, 'planner_index': 9, 'terminal': True, 'recv_monotonic_s': 57525.5709487, 'time_source': 'single_rx_host_receive'}
[ 195.27s] uav_03: phase_finished {'phase': 'p01_patrol'}
[ 195.52s] uav_01: waypoint_reached {'phase': 'p01_patrol', 'seq': 11, 'route_index': 9, 'planner_index': 9, 'terminal': True, 'recv_monotonic_s': 57525.8228696, 'time_source': 'single_rx_host_receive'}
[ 195.52s] uav_01: phase_finished {'phase': 'p01_patrol'}
[ 195.65s] uav_02: waypoint_reached {'phase': 'p01_patrol', 'seq': 11, 'route_index': 9, 'planner_index': 9, 'terminal': True, 'recv_monotonic_s': 57525.9480633, 'time_source': 'single_rx_host_receive'}
[ 195.65s] uav_02: phase_finished {'phase': 'p01_patrol'}
[ 196.23s] uav_03: task_target_verified {'phase': 'p01_patrol', 'source_dwell_s': 0.5, 'tolerance_m': 1.0, 'position_error_m': 0.47989168422597395}
[ 196.51s] uav_01: task_target_verified {'phase': 'p01_patrol', 'source_dwell_s': 0.5010000000000048, 'tolerance_m': 1.0, 'position_error_m': 0.25232801422574}
[ 196.79s] uav_02: task_target_verified {'phase': 'p01_patrol', 'source_dwell_s': 0.5010000000000048, 'tolerance_m': 1.0, 'position_error_m': 0.25963747929301734}
[ 196.80s] swarm: phase_budget {'phase': 'p02_return', 'nominal_duration_s': 20.111967519769713, 'multiplier': 3.0, 'allowance_s': 30.0, 'scenario_remaining_s': 1003.2035822999969, 'phase_timeout_override_s': None, 'effective_timeout_s': 90.33590255930915, 'scope': 'upload through terminal geometric confirmation; no automatic phase retry'}
[ 196.80s] uav_01: phase_upload_started {'phase': 'p02_return', 'mission_item_count': 3}
[ 196.80s] uav_02: phase_upload_started {'phase': 'p02_return', 'mission_item_count': 3}
[ 196.80s] uav_03: phase_upload_started {'phase': 'p02_return', 'mission_item_count': 3}
[ 196.86s] uav_03: phase_upload_complete {'phase': 'p02_return', 'duration_s': 0.060514300006616395}
[ 196.87s] uav_02: phase_upload_complete {'phase': 'p02_return', 'duration_s': 0.07259840000187978}
[ 196.88s] uav_01: phase_upload_complete {'phase': 'p02_return', 'duration_s': 0.08712089999607997}
[ 196.89s] swarm: phase_release_scheduled {'phase': 'p02_return', 'release_t': 197.18383960000938}
[ 197.20s] uav_02: phase_start_sent {'phase': 'p02_return'}
[ 197.20s] uav_01: phase_start_sent {'phase': 'p02_return'}
[ 197.20s] uav_03: phase_start_sent {'phase': 'p02_return'}
[ 197.20s] uav_02: phase_auto_confirmed {'phase': 'p02_return'}
[ 197.20s] uav_02: waypoint_reached {'phase': 'p02_return', 'seq': 1, 'route_index': None, 'planner_index': None, 'terminal': False, 'recv_monotonic_s': 57527.5010749, 'time_source': 'single_rx_host_receive'}
[ 197.20s] uav_03: phase_auto_confirmed {'phase': 'p02_return'}
[ 197.21s] uav_01: phase_auto_confirmed {'phase': 'p02_return'}
[ 197.21s] uav_01: waypoint_reached {'phase': 'p02_return', 'seq': 1, 'route_index': None, 'planner_index': None, 'terminal': False, 'recv_monotonic_s': 57527.5135336, 'time_source': 'single_rx_host_receive'}
[ 197.24s] uav_03: waypoint_reached {'phase': 'p02_return', 'seq': 1, 'route_index': None, 'planner_index': None, 'terminal': False, 'recv_monotonic_s': 57527.5448758, 'time_source': 'single_rx_host_receive'}
[ 205.09s] uav_02: waypoint_reached {'phase': 'p02_return', 'seq': 2, 'route_index': 0, 'planner_index': 0, 'terminal': True, 'recv_monotonic_s': 57535.389048, 'time_source': 'single_rx_host_receive'}
[ 205.09s] uav_02: phase_finished {'phase': 'p02_return'}
[ 215.20s] uav_01: waypoint_reached {'phase': 'p02_return', 'seq': 2, 'route_index': 0, 'planner_index': 0, 'terminal': True, 'recv_monotonic_s': 57545.4981848, 'time_source': 'single_rx_host_receive'}
[ 215.20s] uav_01: phase_finished {'phase': 'p02_return'}
[ 219.20s] uav_03: waypoint_reached {'phase': 'p02_return', 'seq': 2, 'route_index': 0, 'planner_index': 0, 'terminal': True, 'recv_monotonic_s': 57549.5029742, 'time_source': 'single_rx_host_receive'}
[ 219.20s] uav_03: phase_finished {'phase': 'p02_return'}
[ 219.74s] uav_02: task_target_verified {'phase': 'p02_return', 'source_dwell_s': 0.5, 'tolerance_m': 1.0, 'position_error_m': 0.19648592858453645}
[ 219.78s] uav_01: task_target_verified {'phase': 'p02_return', 'source_dwell_s': 0.5010000000000048, 'tolerance_m': 1.0, 'position_error_m': 0.16203477289946358}
[ 220.23s] uav_03: task_target_verified {'phase': 'p02_return', 'source_dwell_s': 0.5010000000000048, 'tolerance_m': 1.0, 'position_error_m': 0.23389008192316466}
[ 220.23s] uav_01: landing_started {'source_boot_s': 213.367, 'source_sample_age_s': 0.020670300000347197}
[ 220.23s] uav_02: landing_started {'source_boot_s': 213.167, 'source_sample_age_s': 0.005422800000815187}
[ 220.23s] uav_03: landing_started {'source_boot_s': 213.267, 'source_sample_age_s': 0.005355499997676816}
[ 239.30s] uav_01: landed 
[ 239.57s] uav_03: landed 
[ 239.63s] uav_02: landed 
Result: completed; usable: True; data: F:\CASIA\Drone Swarm Situational Awareness Algorithm\Simulation\Multi-UAV SimpleGC\verification\v05_r12_pp_20261002\execution\03_patrol\attempt_0\attempts\9e515405bc854324a3cf4af047471f15\patrol_0001_v00_20261002T200433Z_f09b4a0c
{"version": "v05_r12_pilot_controller_v1", "completed": false, "stopped_reason": null, "aggregate": {"logical_completed": 4, "attempts": 4, "qualified": 4, "accepted_for_pp": 4, "pair_qualified": 2, "pair_accepted_for_pp": 2, "by_intent": {"reconnaissance": {"attempted": 2, "qualified": 2, "accepted_for_pp": 2, "success_given_quality": 2, "success_fraction_given_quality": 1.0, "success_given_pp_acceptance": 2, "success_fraction_given_pp_acceptance": 1.0}, "patrol": {"attempted": 2, "qualified": 2, "accepted_for_pp": 2, "success_given_quality": 2, "success_fraction_given_quality": 1.0, "success_given_pp_acceptance": 2, "success_fraction_given_pp_acceptance": 1.0}}}}
