[   1.64s] uav_01: connected {'sysid': 1}
[   1.64s] uav_02: connected {'sysid': 2}
[   1.66s] uav_04: connected {'sysid': 4}
[   1.66s] uav_03: connected {'sysid': 3}
[   1.66s] uav_02: firmware_version_request_tx {'request_type': 'COMMAND_LONG', 'purpose': 'autopilot_version', 'target_sysid': 2, 'target_component': 1, 'missing_index': None, 'correlation_id': '1948ec70744d472fa33f3512c673861c:0', 'send_before_monotonic_s': 57597.6523175, 'send_after_monotonic_s': 57597.6524108, 'success': True, 'error': None}
[   1.66s] uav_04: firmware_version_request_tx {'request_type': 'COMMAND_LONG', 'purpose': 'autopilot_version', 'target_sysid': 4, 'target_component': 1, 'missing_index': None, 'correlation_id': 'ebc02d4d8ab24437b06aadf3bd7772ca:0', 'send_before_monotonic_s': 57597.6524633, 'send_after_monotonic_s': 57597.6525992, 'success': True, 'error': None}
[   1.66s] uav_03: firmware_version_request_tx {'request_type': 'COMMAND_LONG', 'purpose': 'autopilot_version', 'target_sysid': 3, 'target_component': 1, 'missing_index': None, 'correlation_id': '444f82baab254c56867c9272613ab15e:0', 'send_before_monotonic_s': 57597.6523873, 'send_after_monotonic_s': 57597.652611, 'success': True, 'error': None}
[   1.66s] uav_01: firmware_version_request_tx {'request_type': 'COMMAND_LONG', 'purpose': 'autopilot_version', 'target_sysid': 1, 'target_component': 1, 'missing_index': None, 'correlation_id': '097871636358475a9e0d9ac4e04a9fe3:0', 'send_before_monotonic_s': 57597.6522306, 'send_after_monotonic_s': 57597.6526179, 'success': True, 'error': None}
[  11.67s] uav_02: parameter_request_tx {'request_type': 'PARAM_REQUEST_LIST', 'purpose': 'first', 'target_sysid': 2, 'target_component': 1, 'missing_index': None, 'correlation_id': '1948ec70744d472fa33f3512c673861c:1', 'send_before_monotonic_s': 57607.6605327, 'send_after_monotonic_s': 57607.6606064, 'success': True, 'error': None}
[  11.67s] uav_04: parameter_request_tx {'request_type': 'PARAM_REQUEST_LIST', 'purpose': 'first', 'target_sysid': 4, 'target_component': 1, 'missing_index': None, 'correlation_id': 'ebc02d4d8ab24437b06aadf3bd7772ca:1', 'send_before_monotonic_s': 57607.6599071, 'send_after_monotonic_s': 57607.6606555, 'success': True, 'error': None}
[  11.67s] uav_01: parameter_request_tx {'request_type': 'PARAM_REQUEST_LIST', 'purpose': 'first', 'target_sysid': 1, 'target_component': 1, 'missing_index': None, 'correlation_id': '097871636358475a9e0d9ac4e04a9fe3:1', 'send_before_monotonic_s': 57607.660131, 'send_after_monotonic_s': 57607.6606816, 'success': True, 'error': None}
[  11.67s] uav_03: parameter_request_tx {'request_type': 'PARAM_REQUEST_LIST', 'purpose': 'first', 'target_sysid': 3, 'target_component': 1, 'missing_index': None, 'correlation_id': '444f82baab254c56867c9272613ab15e:1', 'send_before_monotonic_s': 57607.6596653, 'send_after_monotonic_s': 57607.6607727, 'success': True, 'error': None}
[  12.17s] uav_04: parameter_readback_complete {'read_id': 'ebc02d4d8ab24437b06aadf3bd7772ca', 'parameter_count': 1202, 'wpnav_count': 7}
[  12.23s] uav_03: parameter_readback_complete {'read_id': '444f82baab254c56867c9272613ab15e', 'parameter_count': 1202, 'wpnav_count': 7}
[  12.23s] uav_02: parameter_readback_complete {'read_id': '1948ec70744d472fa33f3512c673861c', 'parameter_count': 1202, 'wpnav_count': 7}
[  12.23s] uav_01: parameter_readback_complete {'read_id': '097871636358475a9e0d9ac4e04a9fe3', 'parameter_count': 1202, 'wpnav_count': 7}
[  12.26s] swarm: preflight_verified {'version': 'v3_preflight_provenance_v1', 'parameter_comparison_version': 'wp_s_parameter_comparison_v2'}
[  43.23s] uav_01: armed_confirmed {'source_boot_s': 39.966, 'source_sample_age_s': 0.09145770000031916}
[  43.23s] uav_01: takeoff_command_sent {'source_boot_s': 39.966, 'source_sample_age_s': 0.09162369999830844}
[  43.27s] uav_04: armed_confirmed {'source_boot_s': 40.067, 'source_sample_age_s': 0.029114400000253227}
[  43.27s] uav_04: takeoff_command_sent {'source_boot_s': 40.067, 'source_sample_age_s': 0.02946710000105668}
[  43.29s] uav_02: armed_confirmed {'source_boot_s': 39.966, 'source_sample_age_s': 0.10732699999789475}
[  43.29s] uav_03: armed_confirmed {'source_boot_s': 39.966, 'source_sample_age_s': 0.10694879999937257}
[  43.29s] uav_02: takeoff_command_sent {'source_boot_s': 39.966, 'source_sample_age_s': 0.10772600000200327}
[  43.29s] uav_03: takeoff_command_sent {'source_boot_s': 39.966, 'source_sample_age_s': 0.10730199999670731}
[  51.45s] uav_01: airborne_ready 
[  51.45s] uav_03: airborne_ready 
[  51.50s] uav_02: airborne_ready 
[  51.50s] uav_04: airborne_ready 
[  51.50s] swarm: phase_budget {'phase': 'p00_approach', 'nominal_duration_s': 33.13147482430026, 'multiplier': 3.0, 'allowance_s': 30.0, 'scenario_remaining_s': 1148.4996758999987, 'phase_timeout_override_s': None, 'effective_timeout_s': 129.3944244729008, 'scope': 'upload through terminal geometric confirmation; no automatic phase retry'}
[  51.50s] uav_01: phase_upload_started {'phase': 'p00_approach', 'mission_item_count': 3}
[  51.50s] uav_02: phase_upload_started {'phase': 'p00_approach', 'mission_item_count': 3}
[  51.50s] uav_03: phase_upload_started {'phase': 'p00_approach', 'mission_item_count': 3}
[  51.50s] uav_04: phase_upload_started {'phase': 'p00_approach', 'mission_item_count': 3}
[  52.45s] uav_03: phase_upload_complete {'phase': 'p00_approach', 'duration_s': 0.9492902999991202}
[  52.46s] uav_01: phase_upload_complete {'phase': 'p00_approach', 'duration_s': 0.9641943000024185}
[  52.48s] uav_04: phase_upload_complete {'phase': 'p00_approach', 'duration_s': 0.9760148999994271}
[  52.50s] uav_02: phase_upload_complete {'phase': 'p00_approach', 'duration_s': 0.9957522999975481}
[  52.50s] swarm: phase_release_scheduled {'phase': 'p00_approach', 'release_t': 52.79670500000066}
[  52.80s] uav_04: phase_start_sent {'phase': 'p00_approach'}
[  52.80s] uav_02: phase_start_sent {'phase': 'p00_approach'}
[  52.80s] uav_01: phase_start_sent {'phase': 'p00_approach'}
[  52.80s] uav_03: phase_start_sent {'phase': 'p00_approach'}
[  52.81s] uav_02: phase_auto_confirmed {'phase': 'p00_approach'}
[  52.81s] uav_02: waypoint_reached {'phase': 'p00_approach', 'seq': 1, 'route_index': None, 'planner_index': None, 'terminal': False, 'recv_monotonic_s': 57648.7986681, 'time_source': 'single_rx_host_receive'}
[  52.82s] uav_03: phase_auto_confirmed {'phase': 'p00_approach'}
[  52.82s] uav_03: waypoint_reached {'phase': 'p00_approach', 'seq': 1, 'route_index': None, 'planner_index': None, 'terminal': False, 'recv_monotonic_s': 57648.8143514, 'time_source': 'single_rx_host_receive'}
[  52.82s] uav_04: phase_auto_confirmed {'phase': 'p00_approach'}
[  52.82s] uav_04: waypoint_reached {'phase': 'p00_approach', 'seq': 1, 'route_index': None, 'planner_index': None, 'terminal': False, 'recv_monotonic_s': 57648.8151101, 'time_source': 'single_rx_host_receive'}
[  52.82s] uav_01: waypoint_reached {'phase': 'p00_approach', 'seq': 1, 'route_index': None, 'planner_index': None, 'terminal': False, 'recv_monotonic_s': 57648.8154026, 'time_source': 'single_rx_host_receive'}
[  52.82s] uav_01: phase_auto_confirmed {'phase': 'p00_approach'}
[  84.66s] uav_01: waypoint_reached {'phase': 'p00_approach', 'seq': 2, 'route_index': 0, 'planner_index': 0, 'terminal': True, 'recv_monotonic_s': 57680.6578525, 'time_source': 'single_rx_host_receive'}
[  84.67s] uav_01: phase_finished {'phase': 'p00_approach'}
[  85.66s] uav_04: waypoint_reached {'phase': 'p00_approach', 'seq': 2, 'route_index': 0, 'planner_index': 0, 'terminal': True, 'recv_monotonic_s': 57681.6521643, 'time_source': 'single_rx_host_receive'}
[  85.66s] uav_04: phase_finished {'phase': 'p00_approach'}
[  86.37s] uav_02: waypoint_reached {'phase': 'p00_approach', 'seq': 2, 'route_index': 0, 'planner_index': 0, 'terminal': True, 'recv_monotonic_s': 57682.366564, 'time_source': 'single_rx_host_receive'}
[  86.37s] uav_02: phase_finished {'phase': 'p00_approach'}
[  87.46s] uav_03: waypoint_reached {'phase': 'p00_approach', 'seq': 2, 'route_index': 0, 'planner_index': 0, 'terminal': True, 'recv_monotonic_s': 57683.4546999, 'time_source': 'single_rx_host_receive'}
[  87.46s] uav_03: phase_finished {'phase': 'p00_approach'}
[  87.98s] uav_04: task_target_verified {'phase': 'p00_approach', 'source_dwell_s': 0.5010000000000048, 'tolerance_m': 1.0, 'position_error_m': 0.6404570195262629}
[  88.04s] uav_02: task_target_verified {'phase': 'p00_approach', 'source_dwell_s': 0.5010000000000048, 'tolerance_m': 1.0, 'position_error_m': 0.49949866081017724}
[  88.04s] uav_01: task_target_verified {'phase': 'p00_approach', 'source_dwell_s': 0.5010000000000048, 'tolerance_m': 1.0, 'position_error_m': 0.547291705585129}
[  88.26s] uav_03: task_target_verified {'phase': 'p00_approach', 'source_dwell_s': 0.5009999999999906, 'tolerance_m': 1.0, 'position_error_m': 0.1035243736666328}
[  88.26s] swarm: phase_budget {'phase': 'p01_observe', 'nominal_duration_s': 108.6129834125151, 'multiplier': 3.0, 'allowance_s': 30.0, 'scenario_remaining_s': 1111.7402222000019, 'phase_timeout_override_s': None, 'effective_timeout_s': 355.8389502375453, 'scope': 'upload through terminal geometric confirmation; no automatic phase retry'}
[  88.26s] uav_01: phase_upload_started {'phase': 'p01_observe', 'mission_item_count': 9}
[  88.26s] uav_02: phase_upload_started {'phase': 'p01_observe', 'mission_item_count': 9}
[  88.26s] uav_03: phase_upload_started {'phase': 'p01_observe', 'mission_item_count': 9}
[  88.26s] uav_04: phase_upload_started {'phase': 'p01_observe', 'mission_item_count': 9}
[  88.34s] uav_04: phase_upload_complete {'phase': 'p01_observe', 'duration_s': 0.0769187999976566}
[  88.41s] uav_01: phase_upload_complete {'phase': 'p01_observe', 'duration_s': 0.15409619999991264}
[  88.43s] uav_03: phase_upload_complete {'phase': 'p01_observe', 'duration_s': 0.1723654000015813}
[  88.46s] uav_02: phase_upload_complete {'phase': 'p01_observe', 'duration_s': 0.19999909999751253}
[  88.46s] swarm: phase_release_scheduled {'phase': 'p01_observe', 'release_t': 88.76147300000594}
[  88.77s] uav_02: phase_start_sent {'phase': 'p01_observe'}
[  88.77s] uav_03: phase_start_sent {'phase': 'p01_observe'}
[  88.77s] uav_01: phase_start_sent {'phase': 'p01_observe'}
[  88.77s] uav_04: phase_start_sent {'phase': 'p01_observe'}
[  88.77s] uav_03: phase_auto_confirmed {'phase': 'p01_observe'}
[  88.77s] uav_03: waypoint_reached {'phase': 'p01_observe', 'seq': 1, 'route_index': None, 'planner_index': None, 'terminal': False, 'recv_monotonic_s': 57684.7668073, 'time_source': 'single_rx_host_receive'}
[  88.77s] uav_04: phase_auto_confirmed {'phase': 'p01_observe'}
[  88.79s] uav_01: phase_auto_confirmed {'phase': 'p01_observe'}
[  88.79s] uav_02: waypoint_reached {'phase': 'p01_observe', 'seq': 1, 'route_index': None, 'planner_index': None, 'terminal': False, 'recv_monotonic_s': 57684.7799272, 'time_source': 'single_rx_host_receive'}
[  88.79s] uav_02: phase_auto_confirmed {'phase': 'p01_observe'}
[  88.79s] uav_01: waypoint_reached {'phase': 'p01_observe', 'seq': 1, 'route_index': None, 'planner_index': None, 'terminal': False, 'recv_monotonic_s': 57684.7822399, 'time_source': 'single_rx_host_receive'}
[  88.80s] uav_04: waypoint_reached {'phase': 'p01_observe', 'seq': 1, 'route_index': None, 'planner_index': None, 'terminal': False, 'recv_monotonic_s': 57684.7948808, 'time_source': 'single_rx_host_receive'}
[ 115.62s] uav_02: waypoint_reached {'phase': 'p01_observe', 'seq': 2, 'route_index': 0, 'planner_index': 1, 'terminal': False, 'recv_monotonic_s': 57711.6115088, 'time_source': 'single_rx_host_receive'}
[ 115.66s] uav_03: waypoint_reached {'phase': 'p01_observe', 'seq': 2, 'route_index': 0, 'planner_index': 1, 'terminal': False, 'recv_monotonic_s': 57711.6556149, 'time_source': 'single_rx_host_receive'}
[ 116.00s] uav_04: waypoint_reached {'phase': 'p01_observe', 'seq': 2, 'route_index': 0, 'planner_index': 1, 'terminal': False, 'recv_monotonic_s': 57711.9947406, 'time_source': 'single_rx_host_receive'}
[ 116.21s] uav_01: waypoint_reached {'phase': 'p01_observe', 'seq': 2, 'route_index': 0, 'planner_index': 1, 'terminal': False, 'recv_monotonic_s': 57712.1986307, 'time_source': 'single_rx_host_receive'}
[ 117.97s] uav_02: waypoint_reached {'phase': 'p01_observe', 'seq': 3, 'route_index': 1, 'planner_index': 2, 'terminal': False, 'recv_monotonic_s': 57713.9657068, 'time_source': 'single_rx_host_receive'}
[ 117.99s] uav_03: waypoint_reached {'phase': 'p01_observe', 'seq': 3, 'route_index': 1, 'planner_index': 2, 'terminal': False, 'recv_monotonic_s': 57713.9818146, 'time_source': 'single_rx_host_receive'}
[ 118.40s] uav_04: waypoint_reached {'phase': 'p01_observe', 'seq': 3, 'route_index': 1, 'planner_index': 2, 'terminal': False, 'recv_monotonic_s': 57714.3881068, 'time_source': 'single_rx_host_receive'}
[ 118.54s] uav_01: waypoint_reached {'phase': 'p01_observe', 'seq': 3, 'route_index': 1, 'planner_index': 2, 'terminal': False, 'recv_monotonic_s': 57714.5308246, 'time_source': 'single_rx_host_receive'}
[ 145.41s] uav_02: waypoint_reached {'phase': 'p01_observe', 'seq': 4, 'route_index': 2, 'planner_index': 3, 'terminal': False, 'recv_monotonic_s': 57741.4052339, 'time_source': 'single_rx_host_receive'}
[ 145.51s] uav_03: waypoint_reached {'phase': 'p01_observe', 'seq': 4, 'route_index': 2, 'planner_index': 3, 'terminal': False, 'recv_monotonic_s': 57741.4980727, 'time_source': 'single_rx_host_receive'}
[ 145.91s] uav_04: waypoint_reached {'phase': 'p01_observe', 'seq': 4, 'route_index': 2, 'planner_index': 3, 'terminal': False, 'recv_monotonic_s': 57741.9063879, 'time_source': 'single_rx_host_receive'}
[ 145.94s] uav_01: waypoint_reached {'phase': 'p01_observe', 'seq': 4, 'route_index': 2, 'planner_index': 3, 'terminal': False, 'recv_monotonic_s': 57741.9285563, 'time_source': 'single_rx_host_receive'}
[ 147.72s] uav_03: waypoint_reached {'phase': 'p01_observe', 'seq': 5, 'route_index': 3, 'planner_index': 4, 'terminal': False, 'recv_monotonic_s': 57743.7137683, 'time_source': 'single_rx_host_receive'}
[ 147.72s] uav_02: waypoint_reached {'phase': 'p01_observe', 'seq': 5, 'route_index': 3, 'planner_index': 4, 'terminal': False, 'recv_monotonic_s': 57743.7138471, 'time_source': 'single_rx_host_receive'}
[ 148.09s] uav_04: waypoint_reached {'phase': 'p01_observe', 'seq': 5, 'route_index': 3, 'planner_index': 4, 'terminal': False, 'recv_monotonic_s': 57744.0844568, 'time_source': 'single_rx_host_receive'}
[ 148.27s] uav_01: waypoint_reached {'phase': 'p01_observe', 'seq': 5, 'route_index': 3, 'planner_index': 4, 'terminal': False, 'recv_monotonic_s': 57744.2602251, 'time_source': 'single_rx_host_receive'}
[ 175.17s] uav_02: waypoint_reached {'phase': 'p01_observe', 'seq': 6, 'route_index': 4, 'planner_index': 5, 'terminal': False, 'recv_monotonic_s': 57771.1641957, 'time_source': 'single_rx_host_receive'}
[ 175.26s] uav_03: waypoint_reached {'phase': 'p01_observe', 'seq': 6, 'route_index': 4, 'planner_index': 5, 'terminal': False, 'recv_monotonic_s': 57771.257211, 'time_source': 'single_rx_host_receive'}
[ 175.64s] uav_04: waypoint_reached {'phase': 'p01_observe', 'seq': 6, 'route_index': 4, 'planner_index': 5, 'terminal': False, 'recv_monotonic_s': 57771.636173, 'time_source': 'single_rx_host_receive'}
[ 175.72s] uav_01: waypoint_reached {'phase': 'p01_observe', 'seq': 6, 'route_index': 4, 'planner_index': 5, 'terminal': False, 'recv_monotonic_s': 57771.7132516, 'time_source': 'single_rx_host_receive'}
[ 177.57s] uav_03: waypoint_reached {'phase': 'p01_observe', 'seq': 7, 'route_index': 5, 'planner_index': 6, 'terminal': False, 'recv_monotonic_s': 57773.5657425, 'time_source': 'single_rx_host_receive'}
[ 177.64s] uav_02: waypoint_reached {'phase': 'p01_observe', 'seq': 7, 'route_index': 5, 'planner_index': 6, 'terminal': False, 'recv_monotonic_s': 57773.6339672, 'time_source': 'single_rx_host_receive'}
[ 178.07s] uav_04: waypoint_reached {'phase': 'p01_observe', 'seq': 7, 'route_index': 5, 'planner_index': 6, 'terminal': False, 'recv_monotonic_s': 57774.0662426, 'time_source': 'single_rx_host_receive'}
[ 178.07s] uav_01: waypoint_reached {'phase': 'p01_observe', 'seq': 7, 'route_index': 5, 'planner_index': 6, 'terminal': False, 'recv_monotonic_s': 57774.0673332, 'time_source': 'single_rx_host_receive'}
[ 205.42s] uav_02: waypoint_reached {'phase': 'p01_observe', 'seq': 8, 'route_index': 6, 'planner_index': 7, 'terminal': True, 'recv_monotonic_s': 57801.4155838, 'time_source': 'single_rx_host_receive'}
[ 205.42s] uav_02: phase_finished {'phase': 'p01_observe'}
[ 205.46s] uav_03: waypoint_reached {'phase': 'p01_observe', 'seq': 8, 'route_index': 6, 'planner_index': 7, 'terminal': True, 'recv_monotonic_s': 57801.4482894, 'time_source': 'single_rx_host_receive'}
[ 205.46s] uav_03: phase_finished {'phase': 'p01_observe'}
[ 205.89s] uav_01: waypoint_reached {'phase': 'p01_observe', 'seq': 8, 'route_index': 6, 'planner_index': 7, 'terminal': True, 'recv_monotonic_s': 57801.8872644, 'time_source': 'single_rx_host_receive'}
[ 205.89s] uav_01: phase_finished {'phase': 'p01_observe'}
[ 205.95s] uav_04: waypoint_reached {'phase': 'p01_observe', 'seq': 8, 'route_index': 6, 'planner_index': 7, 'terminal': True, 'recv_monotonic_s': 57801.9464187, 'time_source': 'single_rx_host_receive'}
[ 205.95s] uav_04: phase_finished {'phase': 'p01_observe'}
[ 206.51s] uav_02: task_target_verified {'phase': 'p01_observe', 'source_dwell_s': 0.5, 'tolerance_m': 1.0, 'position_error_m': 0.3426112319599525}
[ 206.53s] uav_03: task_target_verified {'phase': 'p01_observe', 'source_dwell_s': 0.5, 'tolerance_m': 1.0, 'position_error_m': 0.2980867893040729}
[ 206.56s] uav_04: task_target_verified {'phase': 'p01_observe', 'source_dwell_s': 0.5, 'tolerance_m': 1.0, 'position_error_m': 0.1510696965263499}
[ 206.56s] uav_01: task_target_verified {'phase': 'p01_observe', 'source_dwell_s': 0.5, 'tolerance_m': 1.0, 'position_error_m': 0.19196001425518713}
[ 206.57s] uav_01: landing_started {'source_boot_s': 199.866, 'source_sample_age_s': 0.004869500000495464}
[ 206.57s] uav_02: landing_started {'source_boot_s': 199.766, 'source_sample_age_s': 0.05281510000349954}
[ 206.57s] uav_03: landing_started {'source_boot_s': 199.766, 'source_sample_age_s': 0.0365179000000353}
[ 206.57s] uav_04: landing_started {'source_boot_s': 199.666, 'source_sample_age_s': 0.005779300001449883}
[ 226.11s] uav_01: landed 
[ 226.22s] uav_02: landed 
[ 226.24s] uav_03: landed 
[ 226.43s] uav_04: landed 
Result: completed; usable: True; data: F:\CASIA\Drone Swarm Situational Awareness Algorithm\Simulation\Multi-UAV SimpleGC\verification\v05_r12_pp_20261002\execution\04_reconnaissance\attempt_0\attempts\a267efb7ab1342439e841cad5bcab3bc\reconnaissance_0002_v00_20261002T200859Z_f177aa58
{"version": "v05_r12_pilot_controller_v1", "completed": false, "stopped_reason": null, "aggregate": {"logical_completed": 5, "attempts": 5, "qualified": 5, "accepted_for_pp": 5, "pair_qualified": 2, "pair_accepted_for_pp": 2, "by_intent": {"reconnaissance": {"attempted": 3, "qualified": 3, "accepted_for_pp": 3, "success_given_quality": 3, "success_fraction_given_quality": 1.0, "success_given_pp_acceptance": 3, "success_fraction_given_pp_acceptance": 1.0}, "patrol": {"attempted": 2, "qualified": 2, "accepted_for_pp": 2, "success_given_quality": 2, "success_fraction_given_quality": 1.0, "success_given_pp_acceptance": 2, "success_fraction_given_pp_acceptance": 1.0}}}}
