[   1.63s] uav_01: connected {'sysid': 1}
[   1.63s] uav_02: connected {'sysid': 2}
[   1.65s] uav_04: connected {'sysid': 4}
[   1.65s] uav_03: connected {'sysid': 3}
[   1.65s] uav_01: firmware_version_request_tx {'request_type': 'COMMAND_LONG', 'purpose': 'autopilot_version', 'target_sysid': 1, 'target_component': 1, 'missing_index': None, 'correlation_id': '4053fba67bcb424481b0cf143f44b953:0', 'send_before_monotonic_s': 57908.468321, 'send_after_monotonic_s': 57908.4685313, 'success': True, 'error': None}
[   1.65s] uav_02: firmware_version_request_tx {'request_type': 'COMMAND_LONG', 'purpose': 'autopilot_version', 'target_sysid': 2, 'target_component': 1, 'missing_index': None, 'correlation_id': '960c62c4b7e646da88586d555aeaa8e8:0', 'send_before_monotonic_s': 57908.468421, 'send_after_monotonic_s': 57908.4686306, 'success': True, 'error': None}
[   1.65s] uav_03: firmware_version_request_tx {'request_type': 'COMMAND_LONG', 'purpose': 'autopilot_version', 'target_sysid': 3, 'target_component': 1, 'missing_index': None, 'correlation_id': '32fc1cad9f7b40fcab2bf7387ac61152:0', 'send_before_monotonic_s': 57908.4684967, 'send_after_monotonic_s': 57908.4686498, 'success': True, 'error': None}
[   1.65s] uav_04: firmware_version_request_tx {'request_type': 'COMMAND_LONG', 'purpose': 'autopilot_version', 'target_sysid': 4, 'target_component': 1, 'missing_index': None, 'correlation_id': '712515edd5be4289928fbfb548cb141d:0', 'send_before_monotonic_s': 57908.4685895, 'send_after_monotonic_s': 57908.4687974, 'success': True, 'error': None}
[  11.65s] uav_03: parameter_request_tx {'request_type': 'PARAM_REQUEST_LIST', 'purpose': 'first', 'target_sysid': 3, 'target_component': 1, 'missing_index': None, 'correlation_id': '32fc1cad9f7b40fcab2bf7387ac61152:1', 'send_before_monotonic_s': 57918.4697689, 'send_after_monotonic_s': 57918.4700792, 'success': True, 'error': None}
[  11.66s] uav_02: parameter_request_tx {'request_type': 'PARAM_REQUEST_LIST', 'purpose': 'first', 'target_sysid': 2, 'target_component': 1, 'missing_index': None, 'correlation_id': '960c62c4b7e646da88586d555aeaa8e8:1', 'send_before_monotonic_s': 57918.484638, 'send_after_monotonic_s': 57918.4849946, 'success': True, 'error': None}
[  11.67s] uav_04: parameter_request_tx {'request_type': 'PARAM_REQUEST_LIST', 'purpose': 'first', 'target_sysid': 4, 'target_component': 1, 'missing_index': None, 'correlation_id': '712515edd5be4289928fbfb548cb141d:1', 'send_before_monotonic_s': 57918.484869, 'send_after_monotonic_s': 57918.4852824, 'success': True, 'error': None}
[  11.67s] uav_01: parameter_request_tx {'request_type': 'PARAM_REQUEST_LIST', 'purpose': 'first', 'target_sysid': 1, 'target_component': 1, 'missing_index': None, 'correlation_id': '4053fba67bcb424481b0cf143f44b953:1', 'send_before_monotonic_s': 57918.4843893, 'send_after_monotonic_s': 57918.4853101, 'success': True, 'error': None}
[  12.22s] uav_03: parameter_readback_complete {'read_id': '32fc1cad9f7b40fcab2bf7387ac61152', 'parameter_count': 1202, 'wpnav_count': 7}
[  12.23s] uav_02: parameter_readback_complete {'read_id': '960c62c4b7e646da88586d555aeaa8e8', 'parameter_count': 1202, 'wpnav_count': 7}
[  12.23s] uav_04: parameter_readback_complete {'read_id': '712515edd5be4289928fbfb548cb141d', 'parameter_count': 1202, 'wpnav_count': 7}
[  12.30s] uav_01: parameter_readback_complete {'read_id': '4053fba67bcb424481b0cf143f44b953', 'parameter_count': 1202, 'wpnav_count': 7}
[  12.32s] swarm: preflight_verified {'version': 'v3_preflight_provenance_v1', 'parameter_comparison_version': 'wp_s_parameter_comparison_v2'}
[  43.20s] uav_02: armed_confirmed {'source_boot_s': 39.966, 'source_sample_age_s': 0.10661640000034822}
[  43.20s] uav_02: takeoff_command_sent {'source_boot_s': 39.966, 'source_sample_age_s': 0.10682149999774992}
[  43.24s] uav_03: armed_confirmed {'source_boot_s': 40.067, 'source_sample_age_s': 0.028287299996009097}
[  43.25s] uav_03: takeoff_command_sent {'source_boot_s': 40.067, 'source_sample_age_s': 0.028459299996029586}
[  43.28s] uav_01: armed_confirmed {'source_boot_s': 40.067, 'source_sample_age_s': 0.01324709999607876}
[  43.28s] uav_01: takeoff_command_sent {'source_boot_s': 40.067, 'source_sample_age_s': 0.013431799998215865}
[  43.39s] uav_04: armed_confirmed {'source_boot_s': 39.966, 'source_sample_age_s': 0.1076491000058013}
[  43.39s] uav_04: takeoff_command_sent {'source_boot_s': 39.966, 'source_sample_age_s': 0.1078514000037103}
[  51.37s] uav_02: airborne_ready 
[  51.48s] uav_03: airborne_ready 
[  51.50s] uav_04: airborne_ready 
[  51.51s] uav_01: airborne_ready 
[  51.51s] swarm: phase_budget {'phase': 'p00_approach', 'nominal_duration_s': 32.86765159890603, 'multiplier': 3.0, 'allowance_s': 30.0, 'scenario_remaining_s': 1148.4858957000033, 'phase_timeout_override_s': None, 'effective_timeout_s': 128.60295479671808, 'scope': 'upload through terminal geometric confirmation; no automatic phase retry'}
[  51.51s] uav_01: phase_upload_started {'phase': 'p00_approach', 'mission_item_count': 3}
[  51.51s] uav_02: phase_upload_started {'phase': 'p00_approach', 'mission_item_count': 3}
[  51.51s] uav_03: phase_upload_started {'phase': 'p00_approach', 'mission_item_count': 3}
[  51.51s] uav_04: phase_upload_started {'phase': 'p00_approach', 'mission_item_count': 3}
[  52.37s] uav_02: phase_upload_complete {'phase': 'p00_approach', 'duration_s': 0.8563550999970175}
[  52.49s] uav_01: phase_upload_complete {'phase': 'p00_approach', 'duration_s': 0.9753818999961368}
[  52.51s] uav_03: phase_upload_complete {'phase': 'p00_approach', 'duration_s': 0.9908807999963756}
[  52.54s] uav_04: phase_upload_complete {'phase': 'p00_approach', 'duration_s': 1.0244093000001158}
[  52.54s] swarm: phase_release_scheduled {'phase': 'p00_approach', 'release_t': 52.83954860000085}
[  52.85s] uav_02: phase_start_sent {'phase': 'p00_approach'}
[  52.85s] uav_03: phase_start_sent {'phase': 'p00_approach'}
[  52.85s] uav_01: phase_start_sent {'phase': 'p00_approach'}
[  52.85s] uav_04: phase_start_sent {'phase': 'p00_approach'}
[  52.85s] uav_02: phase_auto_confirmed {'phase': 'p00_approach'}
[  52.85s] uav_04: waypoint_reached {'phase': 'p00_approach', 'seq': 1, 'route_index': None, 'planner_index': None, 'terminal': False, 'recv_monotonic_s': 57959.669833, 'time_source': 'single_rx_host_receive'}
[  52.85s] uav_02: waypoint_reached {'phase': 'p00_approach', 'seq': 1, 'route_index': None, 'planner_index': None, 'terminal': False, 'recv_monotonic_s': 57959.6699218, 'time_source': 'single_rx_host_receive'}
[  52.85s] uav_04: phase_auto_confirmed {'phase': 'p00_approach'}
[  52.86s] uav_01: phase_auto_confirmed {'phase': 'p00_approach'}
[  52.86s] uav_01: waypoint_reached {'phase': 'p00_approach', 'seq': 1, 'route_index': None, 'planner_index': None, 'terminal': False, 'recv_monotonic_s': 57959.6841108, 'time_source': 'single_rx_host_receive'}
[  52.87s] uav_03: phase_auto_confirmed {'phase': 'p00_approach'}
[  52.87s] uav_03: waypoint_reached {'phase': 'p00_approach', 'seq': 1, 'route_index': None, 'planner_index': None, 'terminal': False, 'recv_monotonic_s': 57959.6859825, 'time_source': 'single_rx_host_receive'}
[  61.01s] uav_01: waypoint_reached {'phase': 'p00_approach', 'seq': 2, 'route_index': 0, 'planner_index': 0, 'terminal': True, 'recv_monotonic_s': 57967.827317, 'time_source': 'single_rx_host_receive'}
[  61.01s] uav_01: phase_finished {'phase': 'p00_approach'}
[  64.07s] uav_03: waypoint_reached {'phase': 'p00_approach', 'seq': 2, 'route_index': 0, 'planner_index': 0, 'terminal': True, 'recv_monotonic_s': 57970.8938028, 'time_source': 'single_rx_host_receive'}
[  64.07s] uav_03: phase_finished {'phase': 'p00_approach'}
[  85.59s] uav_04: waypoint_reached {'phase': 'p00_approach', 'seq': 2, 'route_index': 0, 'planner_index': 0, 'terminal': True, 'recv_monotonic_s': 57992.4079871, 'time_source': 'single_rx_host_receive'}
[  85.59s] uav_04: phase_finished {'phase': 'p00_approach'}
[  86.97s] uav_02: waypoint_reached {'phase': 'p00_approach', 'seq': 2, 'route_index': 0, 'planner_index': 0, 'terminal': True, 'recv_monotonic_s': 57993.7947474, 'time_source': 'single_rx_host_receive'}
[  86.97s] uav_02: phase_finished {'phase': 'p00_approach'}
[  87.49s] uav_01: task_target_verified {'phase': 'p00_approach', 'source_dwell_s': 0.5, 'tolerance_m': 1.0, 'position_error_m': 0.3020123636096319}
[  87.58s] uav_04: task_target_verified {'phase': 'p00_approach', 'source_dwell_s': 0.5, 'tolerance_m': 1.0, 'position_error_m': 0.6050747916384961}
[  87.61s] uav_03: task_target_verified {'phase': 'p00_approach', 'source_dwell_s': 0.5, 'tolerance_m': 1.0, 'position_error_m': 0.11198219573197639}
[  87.98s] uav_02: task_target_verified {'phase': 'p00_approach', 'source_dwell_s': 0.5010000000000048, 'tolerance_m': 1.0, 'position_error_m': 0.3302017177146421}
[  87.98s] swarm: phase_budget {'phase': 'p01_patrol', 'nominal_duration_s': 201.43415926592957, 'multiplier': 3.0, 'allowance_s': 30.0, 'scenario_remaining_s': 1112.0183045000012, 'phase_timeout_override_s': None, 'effective_timeout_s': 634.3024777977887, 'scope': 'upload through terminal geometric confirmation; no automatic phase retry'}
[  87.98s] uav_01: phase_upload_started {'phase': 'p01_patrol', 'mission_item_count': 12}
[  87.98s] uav_02: phase_upload_started {'phase': 'p01_patrol', 'mission_item_count': 12}
[  87.98s] uav_03: phase_upload_started {'phase': 'p01_patrol', 'mission_item_count': 12}
[  87.98s] uav_04: phase_upload_started {'phase': 'p01_patrol', 'mission_item_count': 12}
[  88.11s] uav_02: phase_upload_complete {'phase': 'p01_patrol', 'duration_s': 0.12322459999995772}
[  88.17s] uav_04: phase_upload_complete {'phase': 'p01_patrol', 'duration_s': 0.182581900000514}
[  88.19s] uav_03: phase_upload_complete {'phase': 'p01_patrol', 'duration_s': 0.21163199999864446}
[  88.20s] uav_01: phase_upload_complete {'phase': 'p01_patrol', 'duration_s': 0.21731290000025183}
[  88.20s] swarm: phase_release_scheduled {'phase': 'p01_patrol', 'release_t': 88.49938190000103}
[  88.51s] uav_03: phase_start_sent {'phase': 'p01_patrol'}
[  88.51s] uav_01: phase_start_sent {'phase': 'p01_patrol'}
[  88.51s] uav_02: phase_start_sent {'phase': 'p01_patrol'}
[  88.51s] uav_04: phase_start_sent {'phase': 'p01_patrol'}
[  88.51s] uav_04: phase_auto_confirmed {'phase': 'p01_patrol'}
[  88.51s] uav_04: waypoint_reached {'phase': 'p01_patrol', 'seq': 1, 'route_index': None, 'planner_index': None, 'terminal': False, 'recv_monotonic_s': 57995.3300283, 'time_source': 'single_rx_host_receive'}
[  88.52s] uav_03: phase_auto_confirmed {'phase': 'p01_patrol'}
[  88.52s] uav_01: phase_auto_confirmed {'phase': 'p01_patrol'}
[  88.52s] uav_01: waypoint_reached {'phase': 'p01_patrol', 'seq': 1, 'route_index': None, 'planner_index': None, 'terminal': False, 'recv_monotonic_s': 57995.34406, 'time_source': 'single_rx_host_receive'}
[  88.53s] uav_03: waypoint_reached {'phase': 'p01_patrol', 'seq': 1, 'route_index': None, 'planner_index': None, 'terminal': False, 'recv_monotonic_s': 57995.3463298, 'time_source': 'single_rx_host_receive'}
[  88.54s] uav_02: phase_auto_confirmed {'phase': 'p01_patrol'}
[  88.54s] uav_02: waypoint_reached {'phase': 'p01_patrol', 'seq': 1, 'route_index': None, 'planner_index': None, 'terminal': False, 'recv_monotonic_s': 57995.357894, 'time_source': 'single_rx_host_receive'}
[ 112.07s] uav_03: waypoint_reached {'phase': 'p01_patrol', 'seq': 2, 'route_index': 0, 'planner_index': 0, 'terminal': False, 'recv_monotonic_s': 58018.8882472, 'time_source': 'single_rx_host_receive'}
[ 112.33s] uav_04: waypoint_reached {'phase': 'p01_patrol', 'seq': 2, 'route_index': 0, 'planner_index': 0, 'terminal': False, 'recv_monotonic_s': 58019.1481361, 'time_source': 'single_rx_host_receive'}
[ 112.51s] uav_02: waypoint_reached {'phase': 'p01_patrol', 'seq': 2, 'route_index': 0, 'planner_index': 0, 'terminal': False, 'recv_monotonic_s': 58019.3350752, 'time_source': 'single_rx_host_receive'}
[ 112.91s] uav_01: waypoint_reached {'phase': 'p01_patrol', 'seq': 2, 'route_index': 0, 'planner_index': 0, 'terminal': False, 'recv_monotonic_s': 58019.7335444, 'time_source': 'single_rx_host_receive'}
[ 138.32s] uav_02: waypoint_reached {'phase': 'p01_patrol', 'seq': 3, 'route_index': 1, 'planner_index': 1, 'terminal': False, 'recv_monotonic_s': 58045.1373937, 'time_source': 'single_rx_host_receive'}
[ 138.67s] uav_01: waypoint_reached {'phase': 'p01_patrol', 'seq': 3, 'route_index': 1, 'planner_index': 1, 'terminal': False, 'recv_monotonic_s': 58045.485784, 'time_source': 'single_rx_host_receive'}
[ 139.54s] uav_03: waypoint_reached {'phase': 'p01_patrol', 'seq': 3, 'route_index': 1, 'planner_index': 1, 'terminal': False, 'recv_monotonic_s': 58046.3586819, 'time_source': 'single_rx_host_receive'}
[ 139.76s] uav_04: waypoint_reached {'phase': 'p01_patrol', 'seq': 3, 'route_index': 1, 'planner_index': 1, 'terminal': False, 'recv_monotonic_s': 58046.5820344, 'time_source': 'single_rx_host_receive'}
[ 165.30s] uav_03: waypoint_reached {'phase': 'p01_patrol', 'seq': 4, 'route_index': 2, 'planner_index': 2, 'terminal': False, 'recv_monotonic_s': 58072.1180657, 'time_source': 'single_rx_host_receive'}
[ 165.64s] uav_04: waypoint_reached {'phase': 'p01_patrol', 'seq': 4, 'route_index': 2, 'planner_index': 2, 'terminal': False, 'recv_monotonic_s': 58072.4566557, 'time_source': 'single_rx_host_receive'}
[ 165.84s] uav_02: waypoint_reached {'phase': 'p01_patrol', 'seq': 4, 'route_index': 2, 'planner_index': 2, 'terminal': False, 'recv_monotonic_s': 58072.6604658, 'time_source': 'single_rx_host_receive'}
[ 166.15s] uav_01: waypoint_reached {'phase': 'p01_patrol', 'seq': 4, 'route_index': 2, 'planner_index': 2, 'terminal': False, 'recv_monotonic_s': 58072.9751363, 'time_source': 'single_rx_host_receive'}
[ 191.56s] uav_02: waypoint_reached {'phase': 'p01_patrol', 'seq': 5, 'route_index': 3, 'planner_index': 3, 'terminal': False, 'recv_monotonic_s': 58098.3818726, 'time_source': 'single_rx_host_receive'}
[ 191.90s] uav_01: waypoint_reached {'phase': 'p01_patrol', 'seq': 5, 'route_index': 3, 'planner_index': 3, 'terminal': False, 'recv_monotonic_s': 58098.7164797, 'time_source': 'single_rx_host_receive'}
[ 192.84s] uav_03: waypoint_reached {'phase': 'p01_patrol', 'seq': 5, 'route_index': 3, 'planner_index': 3, 'terminal': False, 'recv_monotonic_s': 58099.6622642, 'time_source': 'single_rx_host_receive'}
[ 193.07s] uav_04: waypoint_reached {'phase': 'p01_patrol', 'seq': 5, 'route_index': 3, 'planner_index': 3, 'terminal': False, 'recv_monotonic_s': 58099.8871833, 'time_source': 'single_rx_host_receive'}
[ 195.26s] uav_02: waypoint_reached {'phase': 'p01_patrol', 'seq': 6, 'route_index': 4, 'planner_index': 4, 'terminal': False, 'recv_monotonic_s': 58102.0807827, 'time_source': 'single_rx_host_receive'}
[ 195.48s] uav_03: waypoint_reached {'phase': 'p01_patrol', 'seq': 6, 'route_index': 4, 'planner_index': 4, 'terminal': False, 'recv_monotonic_s': 58102.2954964, 'time_source': 'single_rx_host_receive'}
[ 195.69s] uav_01: waypoint_reached {'phase': 'p01_patrol', 'seq': 6, 'route_index': 4, 'planner_index': 4, 'terminal': False, 'recv_monotonic_s': 58102.5118162, 'time_source': 'single_rx_host_receive'}
[ 195.74s] uav_04: waypoint_reached {'phase': 'p01_patrol', 'seq': 6, 'route_index': 4, 'planner_index': 4, 'terminal': False, 'recv_monotonic_s': 58102.5599423, 'time_source': 'single_rx_host_receive'}
[ 218.68s] uav_03: waypoint_reached {'phase': 'p01_patrol', 'seq': 7, 'route_index': 5, 'planner_index': 5, 'terminal': False, 'recv_monotonic_s': 58125.5012409, 'time_source': 'single_rx_host_receive'}
[ 218.93s] uav_04: waypoint_reached {'phase': 'p01_patrol', 'seq': 7, 'route_index': 5, 'planner_index': 5, 'terminal': False, 'recv_monotonic_s': 58125.7493872, 'time_source': 'single_rx_host_receive'}
[ 219.07s] uav_02: waypoint_reached {'phase': 'p01_patrol', 'seq': 7, 'route_index': 5, 'planner_index': 5, 'terminal': False, 'recv_monotonic_s': 58125.8902462, 'time_source': 'single_rx_host_receive'}
[ 219.49s] uav_01: waypoint_reached {'phase': 'p01_patrol', 'seq': 7, 'route_index': 5, 'planner_index': 5, 'terminal': False, 'recv_monotonic_s': 58126.3119578, 'time_source': 'single_rx_host_receive'}
[ 244.83s] uav_02: waypoint_reached {'phase': 'p01_patrol', 'seq': 8, 'route_index': 6, 'planner_index': 6, 'terminal': False, 'recv_monotonic_s': 58151.6529483, 'time_source': 'single_rx_host_receive'}
[ 245.21s] uav_01: waypoint_reached {'phase': 'p01_patrol', 'seq': 8, 'route_index': 6, 'planner_index': 6, 'terminal': False, 'recv_monotonic_s': 58152.0271939, 'time_source': 'single_rx_host_receive'}
[ 246.09s] uav_03: waypoint_reached {'phase': 'p01_patrol', 'seq': 8, 'route_index': 6, 'planner_index': 6, 'terminal': False, 'recv_monotonic_s': 58152.9102498, 'time_source': 'single_rx_host_receive'}
[ 246.36s] uav_04: waypoint_reached {'phase': 'p01_patrol', 'seq': 8, 'route_index': 6, 'planner_index': 6, 'terminal': False, 'recv_monotonic_s': 58153.1777964, 'time_source': 'single_rx_host_receive'}
[ 271.88s] uav_03: waypoint_reached {'phase': 'p01_patrol', 'seq': 9, 'route_index': 7, 'planner_index': 7, 'terminal': False, 'recv_monotonic_s': 58178.7036483, 'time_source': 'single_rx_host_receive'}
[ 272.17s] uav_04: waypoint_reached {'phase': 'p01_patrol', 'seq': 9, 'route_index': 7, 'planner_index': 7, 'terminal': False, 'recv_monotonic_s': 58178.9940999, 'time_source': 'single_rx_host_receive'}
[ 272.29s] uav_02: waypoint_reached {'phase': 'p01_patrol', 'seq': 9, 'route_index': 7, 'planner_index': 7, 'terminal': False, 'recv_monotonic_s': 58179.1073035, 'time_source': 'single_rx_host_receive'}
[ 272.68s] uav_01: waypoint_reached {'phase': 'p01_patrol', 'seq': 9, 'route_index': 7, 'planner_index': 7, 'terminal': False, 'recv_monotonic_s': 58179.504998, 'time_source': 'single_rx_host_receive'}
[ 298.04s] uav_02: waypoint_reached {'phase': 'p01_patrol', 'seq': 10, 'route_index': 8, 'planner_index': 8, 'terminal': False, 'recv_monotonic_s': 58204.8614286, 'time_source': 'single_rx_host_receive'}
[ 298.49s] uav_01: waypoint_reached {'phase': 'p01_patrol', 'seq': 10, 'route_index': 8, 'planner_index': 8, 'terminal': False, 'recv_monotonic_s': 58205.3090592, 'time_source': 'single_rx_host_receive'}
[ 299.51s] uav_03: waypoint_reached {'phase': 'p01_patrol', 'seq': 10, 'route_index': 8, 'planner_index': 8, 'terminal': False, 'recv_monotonic_s': 58206.3254609, 'time_source': 'single_rx_host_receive'}
[ 299.74s] uav_04: waypoint_reached {'phase': 'p01_patrol', 'seq': 10, 'route_index': 8, 'planner_index': 8, 'terminal': False, 'recv_monotonic_s': 58206.5618345, 'time_source': 'single_rx_host_receive'}
[ 302.13s] uav_02: waypoint_reached {'phase': 'p01_patrol', 'seq': 11, 'route_index': 9, 'planner_index': 9, 'terminal': True, 'recv_monotonic_s': 58208.9532385, 'time_source': 'single_rx_host_receive'}
[ 302.13s] uav_02: phase_finished {'phase': 'p01_patrol'}
[ 302.42s] uav_03: waypoint_reached {'phase': 'p01_patrol', 'seq': 11, 'route_index': 9, 'planner_index': 9, 'terminal': True, 'recv_monotonic_s': 58209.2364417, 'time_source': 'single_rx_host_receive'}
[ 302.42s] uav_03: phase_finished {'phase': 'p01_patrol'}
[ 302.59s] uav_01: waypoint_reached {'phase': 'p01_patrol', 'seq': 11, 'route_index': 9, 'planner_index': 9, 'terminal': True, 'recv_monotonic_s': 58209.4113905, 'time_source': 'single_rx_host_receive'}
[ 302.59s] uav_01: phase_finished {'phase': 'p01_patrol'}
[ 302.68s] uav_04: waypoint_reached {'phase': 'p01_patrol', 'seq': 11, 'route_index': 9, 'planner_index': 9, 'terminal': True, 'recv_monotonic_s': 58209.5008208, 'time_source': 'single_rx_host_receive'}
[ 302.68s] uav_04: phase_finished {'phase': 'p01_patrol'}
[ 303.24s] uav_02: task_target_verified {'phase': 'p01_patrol', 'source_dwell_s': 0.5010000000000332, 'tolerance_m': 1.0, 'position_error_m': 0.33312339693956694}
[ 303.53s] uav_01: task_target_verified {'phase': 'p01_patrol', 'source_dwell_s': 0.5009999999999764, 'tolerance_m': 1.0, 'position_error_m': 0.2847457372248571}
[ 303.66s] uav_03: task_target_verified {'phase': 'p01_patrol', 'source_dwell_s': 0.5, 'tolerance_m': 1.0, 'position_error_m': 0.4937913768905219}
[ 304.14s] uav_04: task_target_verified {'phase': 'p01_patrol', 'source_dwell_s': 0.5, 'tolerance_m': 1.0, 'position_error_m': 0.6805674548600829}
[ 304.15s] uav_01: landing_started {'source_boot_s': 295.066, 'source_sample_age_s': 0.03567959999782033}
[ 304.15s] uav_02: landing_started {'source_boot_s': 295.166, 'source_sample_age_s': 0.09776229999988573}
[ 304.15s] uav_03: landing_started {'source_boot_s': 295.066, 'source_sample_age_s': 0.020777799996722024}
[ 304.15s] uav_04: landing_started {'source_boot_s': 294.867, 'source_sample_age_s': 0.00432139999611536}
[ 323.40s] uav_02: landed 
[ 323.58s] uav_03: landed 
[ 323.60s] uav_01: landed 
[ 323.85s] uav_04: landed 
Result: completed; usable: True; data: F:\CASIA\Drone Swarm Situational Awareness Algorithm\Simulation\Multi-UAV SimpleGC\verification\v05_r12_pp_20261002\execution\05_patrol\attempt_0\attempts\dc150bd22bed4d5cb1cc4362b19e6184\patrol_0002_v00_20261002T201410Z_a923be74
{"version": "v05_r12_pilot_controller_v1", "completed": false, "stopped_reason": null, "aggregate": {"logical_completed": 6, "attempts": 6, "qualified": 6, "accepted_for_pp": 6, "pair_qualified": 3, "pair_accepted_for_pp": 3, "by_intent": {"reconnaissance": {"attempted": 3, "qualified": 3, "accepted_for_pp": 3, "success_given_quality": 3, "success_fraction_given_quality": 1.0, "success_given_pp_acceptance": 3, "success_fraction_given_pp_acceptance": 1.0}, "patrol": {"attempted": 3, "qualified": 3, "accepted_for_pp": 3, "success_given_quality": 3, "success_fraction_given_quality": 1.0, "success_given_pp_acceptance": 3, "success_fraction_given_pp_acceptance": 1.0}}}}
