[   1.61s] uav_01: connected {'sysid': 1}
[   1.63s] uav_02: connected {'sysid': 2}
[   1.63s] uav_01: firmware_version_request_tx {'request_type': 'COMMAND_LONG', 'purpose': 'autopilot_version', 'target_sysid': 1, 'target_component': 1, 'missing_index': None, 'correlation_id': 'f3d232d823d945dca948e86b5850e87b:0', 'send_before_monotonic_s': 56839.7149331, 'send_after_monotonic_s': 56839.7150216, 'success': True, 'error': None}
[   1.63s] uav_02: firmware_version_request_tx {'request_type': 'COMMAND_LONG', 'purpose': 'autopilot_version', 'target_sysid': 2, 'target_component': 1, 'missing_index': None, 'correlation_id': '4b8b74c4bf314ef2b4463370f5c58ad8:0', 'send_before_monotonic_s': 56839.7149972, 'send_after_monotonic_s': 56839.7150572, 'success': True, 'error': None}
[  11.64s] uav_02: parameter_request_tx {'request_type': 'PARAM_REQUEST_LIST', 'purpose': 'first', 'target_sysid': 2, 'target_component': 1, 'missing_index': None, 'correlation_id': '4b8b74c4bf314ef2b4463370f5c58ad8:1', 'send_before_monotonic_s': 56849.7239806, 'send_after_monotonic_s': 56849.7244322, 'success': True, 'error': None}
[  11.64s] uav_01: parameter_request_tx {'request_type': 'PARAM_REQUEST_LIST', 'purpose': 'first', 'target_sysid': 1, 'target_component': 1, 'missing_index': None, 'correlation_id': 'f3d232d823d945dca948e86b5850e87b:1', 'send_before_monotonic_s': 56849.7241962, 'send_after_monotonic_s': 56849.7245501, 'success': True, 'error': None}
[  12.19s] uav_01: parameter_readback_complete {'read_id': 'f3d232d823d945dca948e86b5850e87b', 'parameter_count': 1202, 'wpnav_count': 7}
[  12.25s] uav_02: parameter_readback_complete {'read_id': '4b8b74c4bf314ef2b4463370f5c58ad8', 'parameter_count': 1202, 'wpnav_count': 7}
[  12.27s] swarm: preflight_verified {'version': 'v3_preflight_provenance_v1', 'parameter_comparison_version': 'wp_s_parameter_comparison_v2'}
[  42.72s] uav_01: armed_confirmed {'source_boot_s': 40.067, 'source_sample_age_s': 0.029472800000803545}
[  42.72s] uav_02: armed_confirmed {'source_boot_s': 39.966, 'source_sample_age_s': 0.07693899999867426}
[  42.72s] uav_01: takeoff_command_sent {'source_boot_s': 40.067, 'source_sample_age_s': 0.029750900001090486}
[  42.72s] uav_02: takeoff_command_sent {'source_boot_s': 39.966, 'source_sample_age_s': 0.0772724999987986}
[  50.99s] uav_01: airborne_ready 
[  50.99s] uav_02: airborne_ready 
[  50.99s] swarm: phase_budget {'phase': 'p00_approach', 'nominal_duration_s': 19.366314008111267, 'multiplier': 3.0, 'allowance_s': 30.0, 'scenario_remaining_s': 1149.005715600004, 'phase_timeout_override_s': None, 'effective_timeout_s': 88.09894202433381, 'scope': 'upload through terminal geometric confirmation; no automatic phase retry'}
[  50.99s] uav_01: phase_upload_started {'phase': 'p00_approach', 'mission_item_count': 3}
[  50.99s] uav_02: phase_upload_started {'phase': 'p00_approach', 'mission_item_count': 3}
[  51.90s] uav_01: phase_upload_complete {'phase': 'p00_approach', 'duration_s': 0.9033611999984714}
[  52.02s] uav_02: phase_upload_complete {'phase': 'p00_approach', 'duration_s': 1.0269628000023658}
[  52.02s] swarm: phase_release_scheduled {'phase': 'p00_approach', 'release_t': 52.32152599999972}
[  52.33s] uav_02: phase_start_sent {'phase': 'p00_approach'}
[  52.33s] uav_01: phase_start_sent {'phase': 'p00_approach'}
[  52.33s] uav_02: waypoint_reached {'phase': 'p00_approach', 'seq': 1, 'route_index': None, 'planner_index': None, 'terminal': False, 'recv_monotonic_s': 56890.4203764, 'time_source': 'single_rx_host_receive'}
[  52.33s] uav_02: phase_auto_confirmed {'phase': 'p00_approach'}
[  52.35s] uav_01: phase_auto_confirmed {'phase': 'p00_approach'}
[  52.35s] uav_01: waypoint_reached {'phase': 'p00_approach', 'seq': 1, 'route_index': None, 'planner_index': None, 'terminal': False, 'recv_monotonic_s': 56890.4361138, 'time_source': 'single_rx_host_receive'}
[  66.17s] uav_02: waypoint_reached {'phase': 'p00_approach', 'seq': 2, 'route_index': 0, 'planner_index': 0, 'terminal': True, 'recv_monotonic_s': 56904.263516, 'time_source': 'single_rx_host_receive'}
[  66.17s] uav_02: phase_finished {'phase': 'p00_approach'}
[  72.54s] uav_01: waypoint_reached {'phase': 'p00_approach', 'seq': 2, 'route_index': 0, 'planner_index': 0, 'terminal': True, 'recv_monotonic_s': 56910.627682, 'time_source': 'single_rx_host_receive'}
[  72.54s] uav_01: phase_finished {'phase': 'p00_approach'}
[  73.10s] uav_02: task_target_verified {'phase': 'p00_approach', 'source_dwell_s': 0.5, 'tolerance_m': 1.0, 'position_error_m': 0.150969528028473}
[  73.84s] uav_01: task_target_verified {'phase': 'p00_approach', 'source_dwell_s': 0.5989999999999895, 'tolerance_m': 1.0, 'position_error_m': 0.3345899119040572}
[  73.85s] swarm: phase_budget {'phase': 'p01_patrol', 'nominal_duration_s': 115.27130742574441, 'multiplier': 3.0, 'allowance_s': 30.0, 'scenario_remaining_s': 1126.153089200001, 'phase_timeout_override_s': None, 'effective_timeout_s': 375.81392227723325, 'scope': 'upload through terminal geometric confirmation; no automatic phase retry'}
[  73.85s] uav_01: phase_upload_started {'phase': 'p01_patrol', 'mission_item_count': 12}
[  73.85s] uav_02: phase_upload_started {'phase': 'p01_patrol', 'mission_item_count': 12}
[  74.05s] uav_01: phase_upload_complete {'phase': 'p01_patrol', 'duration_s': 0.1985190999985207}
[  74.05s] uav_02: phase_upload_complete {'phase': 'p01_patrol', 'duration_s': 0.19905369999469258}
[  74.05s] swarm: phase_release_scheduled {'phase': 'p01_patrol', 'release_t': 74.34644230000413}
[  74.36s] uav_02: phase_start_sent {'phase': 'p01_patrol'}
[  74.36s] uav_01: phase_start_sent {'phase': 'p01_patrol'}
[  74.36s] uav_02: phase_auto_confirmed {'phase': 'p01_patrol'}
[  74.36s] uav_02: waypoint_reached {'phase': 'p01_patrol', 'seq': 1, 'route_index': None, 'planner_index': None, 'terminal': False, 'recv_monotonic_s': 56912.446971, 'time_source': 'single_rx_host_receive'}
[  74.37s] uav_01: phase_auto_confirmed {'phase': 'p01_patrol'}
[  74.37s] uav_01: waypoint_reached {'phase': 'p01_patrol', 'seq': 1, 'route_index': None, 'planner_index': None, 'terminal': False, 'recv_monotonic_s': 56912.4620003, 'time_source': 'single_rx_host_receive'}
[  76.19s] uav_02: waypoint_reached {'phase': 'p01_patrol', 'seq': 2, 'route_index': 0, 'planner_index': 0, 'terminal': False, 'recv_monotonic_s': 56914.2763444, 'time_source': 'single_rx_host_receive'}
[  76.95s] uav_01: waypoint_reached {'phase': 'p01_patrol', 'seq': 2, 'route_index': 0, 'planner_index': 0, 'terminal': False, 'recv_monotonic_s': 56915.0405308, 'time_source': 'single_rx_host_receive'}
[  92.74s] uav_02: waypoint_reached {'phase': 'p01_patrol', 'seq': 3, 'route_index': 1, 'planner_index': 1, 'terminal': False, 'recv_monotonic_s': 56930.8330395, 'time_source': 'single_rx_host_receive'}
[  93.51s] uav_01: waypoint_reached {'phase': 'p01_patrol', 'seq': 3, 'route_index': 1, 'planner_index': 1, 'terminal': False, 'recv_monotonic_s': 56931.5965624, 'time_source': 'single_rx_host_receive'}
[ 107.05s] uav_02: waypoint_reached {'phase': 'p01_patrol', 'seq': 4, 'route_index': 2, 'planner_index': 2, 'terminal': False, 'recv_monotonic_s': 56945.1358827, 'time_source': 'single_rx_host_receive'}
[ 107.89s] uav_01: waypoint_reached {'phase': 'p01_patrol', 'seq': 4, 'route_index': 2, 'planner_index': 2, 'terminal': False, 'recv_monotonic_s': 56945.9752944, 'time_source': 'single_rx_host_receive'}
[ 123.53s] uav_02: waypoint_reached {'phase': 'p01_patrol', 'seq': 5, 'route_index': 3, 'planner_index': 3, 'terminal': False, 'recv_monotonic_s': 56961.6197332, 'time_source': 'single_rx_host_receive'}
[ 124.35s] uav_01: waypoint_reached {'phase': 'p01_patrol', 'seq': 5, 'route_index': 3, 'planner_index': 3, 'terminal': False, 'recv_monotonic_s': 56962.4415557, 'time_source': 'single_rx_host_receive'}
[ 136.81s] uav_02: waypoint_reached {'phase': 'p01_patrol', 'seq': 6, 'route_index': 4, 'planner_index': 4, 'terminal': False, 'recv_monotonic_s': 56974.8947446, 'time_source': 'single_rx_host_receive'}
[ 137.27s] uav_01: waypoint_reached {'phase': 'p01_patrol', 'seq': 6, 'route_index': 4, 'planner_index': 4, 'terminal': False, 'recv_monotonic_s': 56975.360853, 'time_source': 'single_rx_host_receive'}
[ 137.90s] uav_02: waypoint_reached {'phase': 'p01_patrol', 'seq': 7, 'route_index': 5, 'planner_index': 5, 'terminal': False, 'recv_monotonic_s': 56975.9843153, 'time_source': 'single_rx_host_receive'}
[ 138.72s] uav_01: waypoint_reached {'phase': 'p01_patrol', 'seq': 7, 'route_index': 5, 'planner_index': 5, 'terminal': False, 'recv_monotonic_s': 56976.8122507, 'time_source': 'single_rx_host_receive'}
[ 154.40s] uav_02: waypoint_reached {'phase': 'p01_patrol', 'seq': 8, 'route_index': 6, 'planner_index': 6, 'terminal': False, 'recv_monotonic_s': 56992.4879123, 'time_source': 'single_rx_host_receive'}
[ 155.23s] uav_01: waypoint_reached {'phase': 'p01_patrol', 'seq': 8, 'route_index': 6, 'planner_index': 6, 'terminal': False, 'recv_monotonic_s': 56993.3153508, 'time_source': 'single_rx_host_receive'}
[ 168.76s] uav_02: waypoint_reached {'phase': 'p01_patrol', 'seq': 9, 'route_index': 7, 'planner_index': 7, 'terminal': False, 'recv_monotonic_s': 57006.8496113, 'time_source': 'single_rx_host_receive'}
[ 169.54s] uav_01: waypoint_reached {'phase': 'p01_patrol', 'seq': 9, 'route_index': 7, 'planner_index': 7, 'terminal': False, 'recv_monotonic_s': 57007.6303287, 'time_source': 'single_rx_host_receive'}
[ 185.31s] uav_02: waypoint_reached {'phase': 'p01_patrol', 'seq': 10, 'route_index': 8, 'planner_index': 8, 'terminal': False, 'recv_monotonic_s': 57023.4024526, 'time_source': 'single_rx_host_receive'}
[ 186.10s] uav_01: waypoint_reached {'phase': 'p01_patrol', 'seq': 10, 'route_index': 8, 'planner_index': 8, 'terminal': False, 'recv_monotonic_s': 57024.1851575, 'time_source': 'single_rx_host_receive'}
[ 198.86s] uav_02: waypoint_reached {'phase': 'p01_patrol', 'seq': 11, 'route_index': 9, 'planner_index': 9, 'terminal': True, 'recv_monotonic_s': 57036.9523445, 'time_source': 'single_rx_host_receive'}
[ 198.86s] uav_02: phase_finished {'phase': 'p01_patrol'}
[ 199.35s] uav_01: waypoint_reached {'phase': 'p01_patrol', 'seq': 11, 'route_index': 9, 'planner_index': 9, 'terminal': True, 'recv_monotonic_s': 57037.4355368, 'time_source': 'single_rx_host_receive'}
[ 199.35s] uav_01: phase_finished {'phase': 'p01_patrol'}
[ 199.84s] uav_02: task_target_verified {'phase': 'p01_patrol', 'source_dwell_s': 0.5, 'tolerance_m': 1.0, 'position_error_m': 0.02678300930154757}
[ 200.33s] uav_01: task_target_verified {'phase': 'p01_patrol', 'source_dwell_s': 0.5010000000000048, 'tolerance_m': 1.0, 'position_error_m': 0.3745119675179947}
[ 200.33s] swarm: phase_budget {'phase': 'p02_return', 'nominal_duration_s': 19.366314008111267, 'multiplier': 3.0, 'allowance_s': 30.0, 'scenario_remaining_s': 999.6702193000019, 'phase_timeout_override_s': None, 'effective_timeout_s': 88.09894202433381, 'scope': 'upload through terminal geometric confirmation; no automatic phase retry'}
[ 200.33s] uav_01: phase_upload_started {'phase': 'p02_return', 'mission_item_count': 3}
[ 200.33s] uav_02: phase_upload_started {'phase': 'p02_return', 'mission_item_count': 3}
[ 200.41s] uav_01: phase_upload_complete {'phase': 'p02_return', 'duration_s': 0.07520880000083707}
[ 200.42s] uav_02: phase_upload_complete {'phase': 'p02_return', 'duration_s': 0.09035669999866514}
[ 200.42s] swarm: phase_release_scheduled {'phase': 'p02_return', 'release_t': 200.72056729999895}
[ 200.73s] uav_02: phase_start_sent {'phase': 'p02_return'}
[ 200.73s] uav_01: phase_start_sent {'phase': 'p02_return'}
[ 200.73s] uav_02: phase_auto_confirmed {'phase': 'p02_return'}
[ 200.74s] uav_02: waypoint_reached {'phase': 'p02_return', 'seq': 1, 'route_index': None, 'planner_index': None, 'terminal': False, 'recv_monotonic_s': 57038.8243424, 'time_source': 'single_rx_host_receive'}
[ 200.75s] uav_01: phase_auto_confirmed {'phase': 'p02_return'}
[ 200.75s] uav_01: waypoint_reached {'phase': 'p02_return', 'seq': 1, 'route_index': None, 'planner_index': None, 'terminal': False, 'recv_monotonic_s': 57038.839886, 'time_source': 'single_rx_host_receive'}
[ 215.23s] uav_02: waypoint_reached {'phase': 'p02_return', 'seq': 2, 'route_index': 0, 'planner_index': 0, 'terminal': True, 'recv_monotonic_s': 57053.3149524, 'time_source': 'single_rx_host_receive'}
[ 215.23s] uav_02: phase_finished {'phase': 'p02_return'}
[ 220.59s] uav_01: waypoint_reached {'phase': 'p02_return', 'seq': 2, 'route_index': 0, 'planner_index': 0, 'terminal': True, 'recv_monotonic_s': 57058.6805034, 'time_source': 'single_rx_host_receive'}
[ 220.59s] uav_01: phase_finished {'phase': 'p02_return'}
[ 221.19s] uav_02: task_target_verified {'phase': 'p02_return', 'source_dwell_s': 0.5, 'tolerance_m': 1.0, 'position_error_m': 0.12432075869121754}
[ 221.27s] uav_01: task_target_verified {'phase': 'p02_return', 'source_dwell_s': 0.5, 'tolerance_m': 1.0, 'position_error_m': 0.22260654191410745}
[ 221.28s] uav_01: landing_started {'source_boot_s': 214.666, 'source_sample_age_s': 0.004414399998495355}
[ 221.28s] uav_02: landing_started {'source_boot_s': 214.466, 'source_sample_age_s': 0.08265760000358569}
[ 241.11s] uav_01: landed 
[ 241.16s] uav_02: landed 
Result: completed; usable: True; data: F:\CASIA\Drone Swarm Situational Awareness Algorithm\Simulation\Multi-UAV SimpleGC\verification\v05_r12_pp_20261002\execution\01_patrol\attempt_0\attempts\e9c51fd0243b4f7aba7ce0e5bb2c8194\patrol_0000_v00_20261002T195621Z_a7eb6541
{"version": "v05_r12_pilot_controller_v1", "completed": false, "stopped_reason": null, "aggregate": {"logical_completed": 2, "attempts": 2, "qualified": 2, "accepted_for_pp": 2, "pair_qualified": 1, "pair_accepted_for_pp": 1, "by_intent": {"reconnaissance": {"attempted": 1, "qualified": 1, "accepted_for_pp": 1, "success_given_quality": 1, "success_fraction_given_quality": 1.0, "success_given_pp_acceptance": 1, "success_fraction_given_pp_acceptance": 1.0}, "patrol": {"attempted": 1, "qualified": 1, "accepted_for_pp": 1, "success_given_quality": 1, "success_fraction_given_quality": 1.0, "success_given_pp_acceptance": 1, "success_fraction_given_pp_acceptance": 1.0}}}}
